ERROR [10-09-2024 07:42:47:854]: Association Request Failed: 0006:0317 Peer aborted Association (or never connected)
ERROR [10-09-2024 09:54:22:751]: DIMSE status is: Cancel: SubOperationsTerminatedDueToCancelIndication
ERROR [10-09-2024 09:55:15:875]: DIMSE status is: Cancel: SubOperationsTerminatedDueToCancelIndication
ERROR [10-09-2024 09:56:26:499]: Failed receiving DIMSE response: 0006:0317 Peer aborted Association (or never connected)
ERROR [10-09-2024 09:56:26:499]: Association Abort Failed: 0006:0303 DUL Finite State Machine Error: No action defined, state 1 event 14
ERROR [10-09-2024 09:56:52:676]: DIMSE status is: Cancel: SubOperationsTerminatedDueToCancelIndication
ERROR [10-09-2024 09:56:56:504]: DIMSE status is: Cancel: SubOperationsTerminatedDueToCancelIndication
ERROR [10-09-2024 10:03:04:906]: Association Request Failed: 0006:031a DUL network read timeout
ERROR [10-09-2024 10:04:50:859]: Association Request Failed: 0006:031a DUL network read timeout
ERROR [10-09-2024 10:06:09:348]: Association Request Failed: 0006:031a DUL network read timeout
ERROR [10-09-2024 10:13:44:839]: Failed receiving DIMSE response: 0006:0317 Peer aborted Association (or never connected)
ERROR [10-09-2024 10:13:44:839]: Association Abort Failed: 0006:0303 DUL Finite State Machine Error: No action defined, state 1 event 14
ERROR [10-09-2024 10:15:36:475]: DIMSE status is: Cancel: SubOperationsTerminatedDueToCancelIndication
ERROR [10-09-2024 10:26:10:726]: DIMSE status is: Failed: UnableToProcess
ERROR [10-09-2024 10:26:40:143]: DIMSE status is: Failed: UnableToProcess
ERROR [10-09-2024 10:27:39:867]: DIMSE status is: Failed: UnableToProcess
ERROR [10-09-2024 10:33:38:492]: DIMSE status is: Failed: UnableToProcess
ERROR [10-09-2024 10:35:06:695]: DIMSE status is: Failed: UnableToProcess
ERROR [10-09-2024 10:35:37:024]: DIMSE status is: Failed: UnableToProcess
ERROR [10-09-2024 10:35:55:525]: DIMSE status is: Failed: UnableToProcess
ERROR [10-09-2024 10:38:26:889]: DIMSE status is: Failed: UnableToProcess
ERROR [10-09-2024 10:38:59:671]: DIMSE status is: Failed: UnableToProcess
ERROR [10-09-2024 10:42:21:537]: DIMSE status is: Failed: UnableToProcess
ERROR [10-09-2024 10:42:39:756]: DIMSE status is: Failed: UnableToProcess
ERROR [10-09-2024 10:44:07:446]: DIMSE status is: Failed: UnableToProcess
ERROR [10-09-2024 10:44:26:493]: DIMSE status is: Failed: UnableToProcess
ERROR [10-09-2024 10:45:44:447]: DIMSE status is: Failed: UnableToProcess
ERROR [10-09-2024 10:45:55:416]: DIMSE status is: Failed: UnableToProcess
ERROR [10-09-2024 10:46:19:946]: DIMSE status is: Failed: UnableToProcess
ERROR [10-09-2024 10:47:17:588]: DIMSE status is: Failed: UnableToProcess
ERROR [10-09-2024 10:48:05:089]: DIMSE status is: Failed: UnableToProcess
ERROR [10-09-2024 10:48:59:778]: DIMSE status is: Failed: UnableToProcess
ERROR [10-09-2024 10:49:27:482]: DIMSE status is: Failed: UnableToProcess
ERROR [10-09-2024 10:49:52:810]: DIMSE status is: Failed: UnableToProcess
ERROR [10-09-2024 10:49:53:888]: DIMSE status is: Failed: UnableToProcess
ERROR [10-09-2024 10:49:54:966]: DIMSE status is: Failed: UnableToProcess
ERROR [10-09-2024 10:49:56:060]: DIMSE status is: Failed: UnableToProcess
ERROR [10-09-2024 10:49:57:122]: DIMSE status is: Failed: UnableToProcess
ERROR [10-09-2024 10:49:58:216]: DIMSE status is: Failed: UnableToProcess
ERROR [10-09-2024 10:49:59:294]: DIMSE status is: Failed: UnableToProcess
ERROR [10-09-2024 10:50:00:403]: DIMSE status is: Failed: UnableToProcess
ERROR [10-09-2024 10:50:01:482]: DIMSE status is: Failed: UnableToProcess
ERROR [10-09-2024 10:50:02:576]: DIMSE status is: Failed: UnableToProcess
ERROR [10-09-2024 10:50:03:654]: DIMSE status is: Failed: UnableToProcess
ERROR [10-09-2024 10:50:04:747]: DIMSE status is: Failed: UnableToProcess
ERROR [10-09-2024 10:50:05:857]: DIMSE status is: Failed: UnableToProcess
ERROR [10-09-2024 10:50:06:950]: DIMSE status is: Failed: UnableToProcess
ERROR [10-09-2024 10:50:08:044]: DIMSE status is: Failed: UnableToProcess
ERROR [10-09-2024 10:50:09:123]: DIMSE status is: Failed: UnableToProcess
ERROR [10-09-2024 10:50:10:185]: DIMSE status is: Failed: UnableToProcess
ERROR [10-09-2024 10:50:11:279]: DIMSE status is: Failed: UnableToProcess
ERROR [10-09-2024 10:50:12:341]: DIMSE status is: Failed: UnableToProcess
ERROR [10-09-2024 10:50:13:419]: DIMSE status is: Failed: UnableToProcess
ERROR [10-09-2024 10:50:14:497]: DIMSE status is: Failed: UnableToProcess
ERROR [10-09-2024 10:50:15:576]: DIMSE status is: Failed: UnableToProcess
ERROR [10-09-2024 10:50:16:654]: DIMSE status is: Failed: UnableToProcess
ERROR [10-09-2024 10:50:17:732]: DIMSE status is: Failed: UnableToProcess
ERROR [10-09-2024 10:50:18:794]: DIMSE status is: Failed: UnableToProcess
ERROR [10-09-2024 10:50:19:858]: DIMSE status is: Failed: UnableToProcess
ERROR [10-09-2024 10:50:20:936]: DIMSE status is: Failed: UnableToProcess
ERROR [10-09-2024 10:50:22:045]: DIMSE status is: Failed: UnableToProcess
ERROR [10-09-2024 10:50:23:124]: DIMSE status is: Failed: UnableToProcess
ERROR [10-09-2024 10:50:24:202]: DIMSE status is: Failed: UnableToProcess
ERROR [10-09-2024 10:50:25:311]: DIMSE status is: Failed: UnableToProcess
ERROR [10-09-2024 10:50:26:389]: DIMSE status is: Failed: UnableToProcess
ERROR [10-09-2024 10:50:27:483]: DIMSE status is: Failed: UnableToProcess
ERROR [10-09-2024 10:50:28:608]: DIMSE status is: Failed: UnableToProcess
ERROR [10-09-2024 10:50:29:702]: DIMSE status is: Failed: UnableToProcess
ERROR [10-09-2024 10:50:30:842]: DIMSE status is: Failed: UnableToProcess
ERROR [10-09-2024 10:50:31:905]: DIMSE status is: Failed: UnableToProcess
ERROR [10-09-2024 10:50:32:968]: DIMSE status is: Failed: UnableToProcess
ERROR [10-09-2024 10:50:34:030]: DIMSE status is: Failed: UnableToProcess
ERROR [10-09-2024 10:50:35:124]: DIMSE status is: Failed: UnableToProcess
ERROR [10-09-2024 10:50:36:248]: DIMSE status is: Failed: UnableToProcess
ERROR [10-09-2024 10:50:37:311]: DIMSE status is: Failed: UnableToProcess
ERROR [10-09-2024 10:50:38:420]: DIMSE status is: Failed: UnableToProcess
ERROR [10-09-2024 10:50:39:499]: DIMSE status is: Failed: UnableToProcess
ERROR [10-09-2024 10:50:40:624]: DIMSE status is: Failed: UnableToProcess
ERROR [10-09-2024 10:50:41:702]: DIMSE status is: Failed: UnableToProcess
ERROR [10-09-2024 10:50:42:780]: DIMSE status is: Failed: UnableToProcess
ERROR [10-09-2024 10:50:43:858]: DIMSE status is: Failed: UnableToProcess
ERROR [10-09-2024 10:50:44:999]: DIMSE status is: Failed: UnableToProcess
ERROR [10-09-2024 10:50:46:124]: DIMSE status is: Failed: UnableToProcess
ERROR [10-09-2024 10:50:47:218]: DIMSE status is: Failed: UnableToProcess
ERROR [10-09-2024 10:50:48:311]: DIMSE status is: Failed: UnableToProcess
ERROR [10-09-2024 10:50:49:420]: DIMSE status is: Failed: UnableToProcess
ERROR [10-09-2024 10:50:50:561]: DIMSE status is: Failed: UnableToProcess
ERROR [10-09-2024 10:50:51:655]: DIMSE status is: Failed: UnableToProcess
ERROR [10-09-2024 10:50:52:780]: DIMSE status is: Failed: UnableToProcess
ERROR [10-09-2024 10:50:53:889]: DIMSE status is: Failed: UnableToProcess
ERROR [10-09-2024 10:50:55:092]: DIMSE status is: Failed: UnableToProcess
ERROR [10-09-2024 10:50:56:202]: DIMSE status is: Failed: UnableToProcess
ERROR [10-09-2024 10:50:57:296]: DIMSE status is: Failed: UnableToProcess
ERROR [10-09-2024 10:50:58:358]: DIMSE status is: Failed: UnableToProcess
ERROR [10-09-2024 10:50:59:452]: DIMSE status is: Failed: UnableToProcess
ERROR [10-09-2024 10:51:00:546]: DIMSE status is: Failed: UnableToProcess
ERROR [10-09-2024 10:51:01:671]: DIMSE status is: Failed: UnableToProcess
ERROR [10-09-2024 10:51:02:765]: DIMSE status is: Failed: UnableToProcess
ERROR [10-09-2024 10:51:03:905]: DIMSE status is: Failed: UnableToProcess
ERROR [10-09-2024 10:51:04:983]: DIMSE status is: Failed: UnableToProcess
ERROR [10-09-2024 10:51:06:077]: DIMSE status is: Failed: UnableToProcess
ERROR [10-09-2024 10:51:07:140]: DIMSE status is: Failed: UnableToProcess
ERROR [10-09-2024 10:51:08:249]: DIMSE status is: Failed: UnableToProcess
ERROR [10-09-2024 10:51:09:343]: DIMSE status is: Failed: UnableToProcess
ERROR [10-09-2024 10:51:10:421]: DIMSE status is: Failed: UnableToProcess
ERROR [10-09-2024 10:51:11:516]: DIMSE status is: Failed: UnableToProcess
ERROR [10-09-2024 10:51:12:609]: DIMSE status is: Failed: UnableToProcess
ERROR [10-09-2024 10:51:13:703]: DIMSE status is: Failed: UnableToProcess
ERROR [10-09-2024 10:51:14:797]: DIMSE status is: Failed: UnableToProcess
ERROR [10-09-2024 10:51:15:875]: DIMSE status is: Failed: UnableToProcess
ERROR [10-09-2024 10:51:16:953]: DIMSE status is: Failed: UnableToProcess
ERROR [10-09-2024 10:51:18:016]: DIMSE status is: Failed: UnableToProcess
ERROR [10-09-2024 10:51:19:078]: DIMSE status is: Failed: UnableToProcess
ERROR [10-09-2024 10:51:20:172]: DIMSE status is: Failed: UnableToProcess
ERROR [10-09-2024 10:51:21:250]: DIMSE status is: Failed: UnableToProcess
ERROR [10-09-2024 10:51:22:328]: DIMSE status is: Failed: UnableToProcess
ERROR [10-09-2024 10:51:23:391]: DIMSE status is: Failed: UnableToProcess
ERROR [10-09-2024 10:51:24:500]: DIMSE status is: Failed: UnableToProcess
ERROR [10-09-2024 10:51:25:562]: DIMSE status is: Failed: UnableToProcess
ERROR [10-09-2024 10:51:26:626]: DIMSE status is: Failed: UnableToProcess
ERROR [10-09-2024 10:51:27:720]: DIMSE status is: Failed: UnableToProcess
ERROR [10-09-2024 10:51:39:923]: DIMSE status is: Failed: UnableToProcess
ERROR [10-09-2024 10:51:40:986]: DIMSE status is: Failed: UnableToProcess
ERROR [10-09-2024 10:51:42:048]: DIMSE status is: Failed: UnableToProcess
ERROR [10-09-2024 10:51:43:127]: DIMSE status is: Failed: UnableToProcess
ERROR [10-09-2024 10:51:44:205]: DIMSE status is: Failed: UnableToProcess
ERROR [10-09-2024 10:51:45:283]: DIMSE status is: Failed: UnableToProcess
ERROR [10-09-2024 10:51:46:361]: DIMSE status is: Failed: UnableToProcess
ERROR [10-09-2024 10:51:47:424]: DIMSE status is: Failed: UnableToProcess
ERROR [10-09-2024 10:51:48:502]: DIMSE status is: Failed: UnableToProcess
ERROR [10-09-2024 10:51:49:564]: DIMSE status is: Failed: UnableToProcess
ERROR [10-09-2024 10:51:50:627]: DIMSE status is: Failed: UnableToProcess
ERROR [10-09-2024 10:51:51:689]: DIMSE status is: Failed: UnableToProcess
ERROR [10-09-2024 10:51:52:752]: DIMSE status is: Failed: UnableToProcess
ERROR [10-09-2024 10:51:53:830]: DIMSE status is: Failed: UnableToProcess
ERROR [10-09-2024 10:51:54:893]: DIMSE status is: Failed: UnableToProcess
ERROR [10-09-2024 10:51:55:955]: DIMSE status is: Failed: UnableToProcess
ERROR [10-09-2024 10:51:57:018]: DIMSE status is: Failed: UnableToProcess
ERROR [10-09-2024 10:51:58:080]: DIMSE status is: Failed: UnableToProcess
ERROR [10-09-2024 10:51:59:142]: DIMSE status is: Failed: UnableToProcess
ERROR [10-09-2024 10:52:00:205]: DIMSE status is: Failed: UnableToProcess
ERROR [10-09-2024 10:52:01:267]: DIMSE status is: Failed: UnableToProcess
ERROR [10-09-2024 10:52:02:330]: DIMSE status is: Failed: UnableToProcess
ERROR [10-09-2024 10:52:03:392]: DIMSE status is: Failed: UnableToProcess
ERROR [10-09-2024 10:52:04:455]: DIMSE status is: Failed: UnableToProcess
ERROR [10-09-2024 10:52:05:518]: DIMSE status is: Failed: UnableToProcess
ERROR [10-09-2024 10:52:06:580]: DIMSE status is: Failed: UnableToProcess
ERROR [10-09-2024 10:52:07:642]: DIMSE status is: Failed: UnableToProcess
ERROR [10-09-2024 10:52:08:705]: DIMSE status is: Failed: UnableToProcess
ERROR [10-09-2024 10:52:09:768]: DIMSE status is: Failed: UnableToProcess
ERROR [10-09-2024 10:52:10:830]: DIMSE status is: Failed: UnableToProcess
ERROR [10-09-2024 10:52:11:893]: DIMSE status is: Failed: UnableToProcess
ERROR [10-09-2024 10:52:12:955]: DIMSE status is: Failed: UnableToProcess
ERROR [10-09-2024 10:52:14:018]: DIMSE status is: Failed: UnableToProcess
ERROR [10-09-2024 10:52:15:080]: DIMSE status is: Failed: UnableToProcess
ERROR [10-09-2024 10:52:16:142]: DIMSE status is: Failed: UnableToProcess
ERROR [10-09-2024 10:52:17:205]: DIMSE status is: Failed: UnableToProcess
ERROR [10-09-2024 10:52:18:268]: DIMSE status is: Failed: UnableToProcess
ERROR [10-09-2024 10:52:19:346]: DIMSE status is: Failed: UnableToProcess
ERROR [10-09-2024 10:52:20:408]: DIMSE status is: Failed: UnableToProcess
ERROR [10-09-2024 10:52:21:471]: DIMSE status is: Failed: UnableToProcess
ERROR [10-09-2024 10:52:22:533]: DIMSE status is: Failed: UnableToProcess
ERROR [10-09-2024 10:52:23:596]: DIMSE status is: Failed: UnableToProcess
ERROR [10-09-2024 10:52:24:658]: DIMSE status is: Failed: UnableToProcess
ERROR [10-09-2024 10:52:25:736]: DIMSE status is: Failed: UnableToProcess
ERROR [10-09-2024 10:52:26:799]: DIMSE status is: Failed: UnableToProcess
ERROR [10-09-2024 10:52:27:861]: DIMSE status is: Failed: UnableToProcess
ERROR [10-09-2024 10:52:28:924]: DIMSE status is: Failed: UnableToProcess
ERROR [10-09-2024 10:52:29:987]: DIMSE status is: Failed: UnableToProcess
ERROR [10-09-2024 10:52:31:065]: DIMSE status is: Failed: UnableToProcess
ERROR [10-09-2024 10:52:32:127]: DIMSE status is: Failed: UnableToProcess
ERROR [10-09-2024 10:52:33:190]: DIMSE status is: Failed: UnableToProcess
ERROR [10-09-2024 10:52:34:268]: DIMSE status is: Failed: UnableToProcess
ERROR [10-09-2024 10:52:35:330]: DIMSE status is: Failed: UnableToProcess
ERROR [10-09-2024 10:52:36:393]: DIMSE status is: Failed: UnableToProcess
ERROR [10-09-2024 10:52:37:456]: DIMSE status is: Failed: UnableToProcess
ERROR [10-09-2024 10:52:38:534]: DIMSE status is: Failed: UnableToProcess
ERROR [10-09-2024 10:52:39:596]: DIMSE status is: Failed: UnableToProcess
ERROR [10-09-2024 10:52:40:658]: DIMSE status is: Failed: UnableToProcess
ERROR [10-09-2024 10:52:41:737]: DIMSE status is: Failed: UnableToProcess
ERROR [10-09-2024 10:52:42:815]: DIMSE status is: Failed: UnableToProcess
ERROR [10-09-2024 10:52:43:877]: DIMSE status is: Failed: UnableToProcess
ERROR [10-09-2024 10:52:44:940]: DIMSE status is: Failed: UnableToProcess
ERROR [10-09-2024 10:52:46:002]: DIMSE status is: Failed: UnableToProcess
ERROR [10-09-2024 10:52:47:081]: DIMSE status is: Failed: UnableToProcess
ERROR [10-09-2024 10:52:48:159]: DIMSE status is: Failed: UnableToProcess
ERROR [10-09-2024 10:52:49:221]: DIMSE status is: Failed: UnableToProcess
ERROR [10-09-2024 10:52:50:283]: DIMSE status is: Failed: UnableToProcess
ERROR [10-09-2024 10:52:51:346]: DIMSE status is: Failed: UnableToProcess
ERROR [10-09-2024 10:52:52:409]: DIMSE status is: Failed: UnableToProcess
ERROR [10-09-2024 10:52:53:486]: DIMSE status is: Failed: UnableToProcess
ERROR [10-09-2024 10:53:23:284]: DIMSE status is: Failed: UnableToProcess
ERROR [10-09-2024 10:53:24:347]: DIMSE status is: Failed: UnableToProcess
ERROR [10-09-2024 10:53:25:425]: DIMSE status is: Failed: UnableToProcess
ERROR [10-09-2024 10:53:26:487]: DIMSE status is: Failed: UnableToProcess
ERROR [10-09-2024 10:53:27:565]: DIMSE status is: Failed: UnableToProcess
ERROR [10-09-2024 10:53:28:628]: DIMSE status is: Failed: UnableToProcess
ERROR [10-09-2024 10:53:29:691]: DIMSE status is: Failed: UnableToProcess
ERROR [10-09-2024 10:53:44:098]: DIMSE status is: Failed: UnableToProcess
ERROR [10-09-2024 10:53:45:175]: DIMSE status is: Failed: UnableToProcess
ERROR [10-09-2024 10:53:46:238]: DIMSE status is: Failed: UnableToProcess
ERROR [10-09-2024 10:53:47:301]: DIMSE status is: Failed: UnableToProcess
ERROR [10-09-2024 10:53:48:363]: DIMSE status is: Failed: UnableToProcess
ERROR [10-09-2024 10:53:49:426]: DIMSE status is: Failed: UnableToProcess
ERROR [10-09-2024 10:53:50:488]: DIMSE status is: Failed: UnableToProcess
ERROR [10-09-2024 10:53:51:551]: DIMSE status is: Failed: UnableToProcess
ERROR [10-09-2024 10:53:52:629]: DIMSE status is: Failed: UnableToProcess
ERROR [10-09-2024 10:53:53:707]: DIMSE status is: Failed: UnableToProcess
ERROR [10-09-2024 10:53:54:785]: DIMSE status is: Failed: UnableToProcess
ERROR [10-09-2024 10:53:55:863]: DIMSE status is: Failed: UnableToProcess
ERROR [10-09-2024 10:53:56:926]: DIMSE status is: Failed: UnableToProcess
ERROR [10-09-2024 10:53:57:988]: DIMSE status is: Failed: UnableToProcess
ERROR [10-09-2024 10:54:06:270]: DIMSE status is: Failed: UnableToProcess
ERROR [10-09-2024 10:54:07:332]: DIMSE status is: Failed: UnableToProcess
ERROR [10-09-2024 10:54:08:395]: DIMSE status is: Failed: UnableToProcess
ERROR [10-09-2024 10:54:09:457]: DIMSE status is: Failed: UnableToProcess
ERROR [10-09-2024 10:54:10:520]: DIMSE status is: Failed: UnableToProcess
ERROR [10-09-2024 10:54:11:582]: DIMSE status is: Failed: UnableToProcess
ERROR [10-09-2024 10:54:12:660]: DIMSE status is: Failed: UnableToProcess
ERROR [10-09-2024 10:54:13:723]: DIMSE status is: Failed: UnableToProcess
ERROR [10-09-2024 10:54:14:785]: DIMSE status is: Failed: UnableToProcess
ERROR [10-09-2024 10:54:15:864]: DIMSE status is: Failed: UnableToProcess
ERROR [10-09-2024 10:54:16:926]: DIMSE status is: Failed: UnableToProcess
ERROR [10-09-2024 10:54:17:989]: DIMSE status is: Failed: UnableToProcess
ERROR [10-09-2024 10:54:19:051]: DIMSE status is: Failed: UnableToProcess
ERROR [10-09-2024 10:54:20:114]: DIMSE status is: Failed: UnableToProcess
ERROR [10-09-2024 10:54:21:176]: DIMSE status is: Failed: UnableToProcess
ERROR [10-09-2024 10:54:22:239]: DIMSE status is: Failed: UnableToProcess
ERROR [10-09-2024 10:54:23:301]: DIMSE status is: Failed: UnableToProcess
ERROR [10-09-2024 10:54:24:364]: DIMSE status is: Failed: UnableToProcess
ERROR [10-09-2024 10:54:25:442]: DIMSE status is: Failed: UnableToProcess
ERROR [10-09-2024 10:54:26:504]: DIMSE status is: Failed: UnableToProcess
ERROR [10-09-2024 10:54:27:583]: DIMSE status is: Failed: UnableToProcess
ERROR [10-09-2024 10:54:28:645]: DIMSE status is: Failed: UnableToProcess
ERROR [10-09-2024 10:54:29:708]: DIMSE status is: Failed: UnableToProcess
ERROR [10-09-2024 10:54:30:785]: DIMSE status is: Failed: UnableToProcess
ERROR [10-09-2024 10:54:31:848]: DIMSE status is: Failed: UnableToProcess
ERROR [10-09-2024 10:54:32:911]: DIMSE status is: Failed: UnableToProcess
ERROR [10-09-2024 10:54:33:973]: DIMSE status is: Failed: UnableToProcess
ERROR [10-09-2024 10:54:35:036]: DIMSE status is: Failed: UnableToProcess
ERROR [10-09-2024 10:54:36:098]: DIMSE status is: Failed: UnableToProcess
ERROR [10-09-2024 10:54:37:161]: DIMSE status is: Failed: UnableToProcess
ERROR [10-09-2024 10:54:38:223]: DIMSE status is: Failed: UnableToProcess
ERROR [10-09-2024 10:54:39:301]: DIMSE status is: Failed: UnableToProcess
ERROR [10-09-2024 10:54:40:379]: DIMSE status is: Failed: UnableToProcess
ERROR [10-09-2024 10:54:41:442]: DIMSE status is: Failed: UnableToProcess
ERROR [10-09-2024 10:54:42:505]: DIMSE status is: Failed: UnableToProcess
ERROR [10-09-2024 10:54:43:567]: DIMSE status is: Failed: UnableToProcess
ERROR [10-09-2024 10:54:44:645]: DIMSE status is: Failed: UnableToProcess
ERROR [10-09-2024 10:54:45:708]: DIMSE status is: Failed: UnableToProcess
ERROR [10-09-2024 10:54:46:786]: DIMSE status is: Failed: UnableToProcess
ERROR [10-09-2024 10:54:47:848]: DIMSE status is: Failed: UnableToProcess
ERROR [10-09-2024 10:54:48:926]: DIMSE status is: Failed: UnableToProcess
ERROR [10-09-2024 10:54:49:989]: DIMSE status is: Failed: UnableToProcess
ERROR [10-09-2024 10:54:51:052]: DIMSE status is: Failed: UnableToProcess
ERROR [10-09-2024 10:54:52:114]: DIMSE status is: Failed: UnableToProcess
ERROR [10-09-2024 10:54:53:192]: DIMSE status is: Failed: UnableToProcess
ERROR [10-09-2024 10:54:54:255]: DIMSE status is: Failed: UnableToProcess
ERROR [10-09-2024 10:54:55:318]: DIMSE status is: Failed: UnableToProcess
ERROR [10-09-2024 10:54:56:381]: DIMSE status is: Failed: UnableToProcess
ERROR [10-09-2024 10:54:57:444]: DIMSE status is: Failed: UnableToProcess
ERROR [10-09-2024 10:54:58:522]: DIMSE status is: Failed: UnableToProcess
ERROR [10-09-2024 10:54:59:584]: DIMSE status is: Failed: UnableToProcess
ERROR [10-09-2024 10:55:00:647]: DIMSE status is: Failed: UnableToProcess
ERROR [12-09-2024 03:39:49:381]: Association Request Failed: 0006:0317 Peer aborted Association (or never connected)
ERROR [12-09-2024 03:40:41:113]: Association Request Failed: 0006:0317 Peer aborted Association (or never connected)
ERROR [12-09-2024 03:40:51:426]: Association Request Failed: 0006:0317 Peer aborted Association (or never connected)
ERROR [12-09-2024 03:41:40:149]: Association Request Failed: 0006:0317 Peer aborted Association (or never connected)
WARN  [26-09-2024 09:56:43:353]: failed to convert ISO 2022 IR 149 to ISO_IR 192
WARN  [26-09-2024 09:57:15:781]: failed to convert ISO 2022 IR 149 to ISO_IR 192
WARN  [26-09-2024 09:57:54:749]: failed to convert ISO 2022 IR 149 to ISO_IR 192
WARN  [26-09-2024 09:58:30:573]: failed to convert ISO 2022 IR 149 to ISO_IR 192
WARN  [26-09-2024 09:58:43:005]: failed to convert ISO 2022 IR 149 to ISO_IR 192
WARN  [26-09-2024 10:01:27:758]: failed to convert ISO 2022 IR 149 to ISO_IR 192
WARN  [26-09-2024 10:04:12:506]: failed to convert ISO 2022 IR 149 to ISO_IR 192
WARN  [26-09-2024 10:05:03:406]: failed to convert ISO 2022 IR 149 to ISO_IR 192
WARN  [26-09-2024 10:08:23:907]: failed to convert ISO 2022 IR 149 to ISO_IR 192
WARN  [26-09-2024 10:09:43:447]: failed to convert ISO 2022 IR 149 to ISO_IR 192
WARN  [26-09-2024 10:09:53:795]: failed to convert ISO 2022 IR 149 to ISO_IR 192
WARN  [26-09-2024 10:11:55:179]: failed to convert ISO 2022 IR 149 to ISO_IR 192
WARN  [26-09-2024 10:12:20:791]: failed to convert ISO 2022 IR 149 to ISO_IR 192
WARN  [26-09-2024 10:14:26:074]: failed to convert ISO 2022 IR 149 to ISO_IR 192
WARN  [27-09-2024 01:41:13:840]: failed to convert ISO 2022 IR 149 to ISO_IR 192
WARN  [27-09-2024 01:47:04:731]: failed to convert ISO 2022 IR 149 to ISO_IR 192
WARN  [27-09-2024 03:11:17:475]: failed to convert ISO 2022 IR 149 to ISO_IR 192
WARN  [27-09-2024 03:11:22:404]: failed to convert ISO 2022 IR 149 to ISO_IR 192
WARN  [27-09-2024 03:11:24:466]: failed to convert ISO 2022 IR 149 to ISO_IR 192
WARN  [27-09-2024 03:11:24:466]: failed to convert ISO 2022 IR 149 to ISO_IR 192
WARN  [27-09-2024 03:11:24:466]: failed to convert ISO 2022 IR 149 to ISO_IR 192
WARN  [27-09-2024 03:11:24:466]: failed to convert ISO 2022 IR 149 to ISO_IR 192
WARN  [27-09-2024 03:11:32:726]: failed to convert ISO 2022 IR 149 to ISO_IR 192
WARN  [27-09-2024 03:11:32:727]: failed to convert ISO 2022 IR 149 to ISO_IR 192
WARN  [27-09-2024 03:11:32:727]: failed to convert ISO 2022 IR 149 to ISO_IR 192
WARN  [27-09-2024 03:11:32:727]: failed to convert ISO 2022 IR 149 to ISO_IR 192
WARN  [27-09-2024 03:11:32:727]: failed to convert ISO 2022 IR 149 to ISO_IR 192
WARN  [27-09-2024 03:11:42:327]: failed to convert ISO 2022 IR 149 to ISO_IR 192
WARN  [27-09-2024 03:11:42:327]: failed to convert ISO 2022 IR 149 to ISO_IR 192
WARN  [27-09-2024 03:11:42:327]: failed to convert ISO 2022 IR 149 to ISO_IR 192
WARN  [27-09-2024 03:11:56:300]: failed to convert ISO 2022 IR 149 to ISO_IR 192
WARN  [27-09-2024 03:12:05:992]: failed to convert ISO 2022 IR 149 to ISO_IR 192
WARN  [27-09-2024 03:12:07:880]: failed to convert ISO 2022 IR 149 to ISO_IR 192
WARN  [27-09-2024 03:12:08:224]: failed to convert ISO 2022 IR 149 to ISO_IR 192
WARN  [27-09-2024 03:12:09:248]: failed to convert ISO 2022 IR 149 to ISO_IR 192
WARN  [27-09-2024 03:12:09:885]: failed to convert ISO 2022 IR 149 to ISO_IR 192
WARN  [27-09-2024 03:12:09:885]: failed to convert ISO 2022 IR 149 to ISO_IR 192
WARN  [27-09-2024 03:12:12:876]: failed to convert ISO 2022 IR 149 to ISO_IR 192
WARN  [27-09-2024 03:12:14:910]: failed to convert ISO 2022 IR 149 to ISO_IR 192
WARN  [27-09-2024 03:12:14:910]: failed to convert ISO 2022 IR 149 to ISO_IR 192
WARN  [27-09-2024 03:12:14:910]: failed to convert ISO 2022 IR 149 to ISO_IR 192
WARN  [27-09-2024 03:12:17:137]: failed to convert ISO 2022 IR 149 to ISO_IR 192
WARN  [27-09-2024 03:12:17:137]: failed to convert ISO 2022 IR 149 to ISO_IR 192
WARN  [27-09-2024 03:12:17:137]: failed to convert ISO 2022 IR 149 to ISO_IR 192
WARN  [27-09-2024 03:12:17:137]: failed to convert ISO 2022 IR 149 to ISO_IR 192
WARN  [27-09-2024 03:12:17:138]: failed to convert ISO 2022 IR 149 to ISO_IR 192
WARN  [27-09-2024 03:12:17:138]: failed to convert ISO 2022 IR 149 to ISO_IR 192
WARN  [27-09-2024 03:12:20:208]: failed to convert ISO 2022 IR 149 to ISO_IR 192
WARN  [27-09-2024 03:12:20:208]: failed to convert ISO 2022 IR 149 to ISO_IR 192
WARN  [27-09-2024 03:12:20:209]: failed to convert ISO 2022 IR 149 to ISO_IR 192
WARN  [27-09-2024 03:12:20:209]: failed to convert ISO 2022 IR 149 to ISO_IR 192
WARN  [27-09-2024 03:12:29:984]: failed to convert ISO 2022 IR 149 to ISO_IR 192
WARN  [27-09-2024 03:12:31:320]: failed to convert ISO 2022 IR 149 to ISO_IR 192
WARN  [27-09-2024 03:12:38:872]: failed to convert ISO 2022 IR 149 to ISO_IR 192
WARN  [27-09-2024 03:12:42:176]: failed to convert ISO 2022 IR 149 to ISO_IR 192
WARN  [27-09-2024 03:12:53:668]: failed to convert ISO 2022 IR 149 to ISO_IR 192
WARN  [30-09-2024 09:48:37:798]: failed to convert ISO 2022 IR 149 to ISO_IR 192
WARN  [30-09-2024 09:49:26:594]: failed to convert ISO 2022 IR 149 to ISO_IR 192
WARN  [30-09-2024 09:51:12:703]: failed to convert ISO 2022 IR 149 to ISO_IR 192
WARN  [30-09-2024 09:51:37:447]: failed to convert ISO 2022 IR 149 to ISO_IR 192
WARN  [30-09-2024 09:51:42:843]: failed to convert ISO 2022 IR 149 to ISO_IR 192
WARN  [30-09-2024 09:53:16:200]: failed to convert ISO 2022 IR 149 to ISO_IR 192
WARN  [30-09-2024 09:53:18:693]: failed to convert ISO 2022 IR 149 to ISO_IR 192
WARN  [30-09-2024 09:53:18:693]: failed to convert ISO 2022 IR 149 to ISO_IR 192
WARN  [30-09-2024 09:53:18:693]: failed to convert ISO 2022 IR 149 to ISO_IR 192
WARN  [30-09-2024 09:53:18:693]: failed to convert ISO 2022 IR 149 to ISO_IR 192
WARN  [30-09-2024 09:53:28:822]: failed to convert ISO 2022 IR 149 to ISO_IR 192
WARN  [30-09-2024 09:53:28:822]: failed to convert ISO 2022 IR 149 to ISO_IR 192
WARN  [30-09-2024 09:53:28:822]: failed to convert ISO 2022 IR 149 to ISO_IR 192
WARN  [30-09-2024 09:53:28:822]: failed to convert ISO 2022 IR 149 to ISO_IR 192
WARN  [30-09-2024 09:53:28:822]: failed to convert ISO 2022 IR 149 to ISO_IR 192
WARN  [30-09-2024 09:53:40:661]: failed to convert ISO 2022 IR 149 to ISO_IR 192
WARN  [30-09-2024 09:53:40:661]: failed to convert ISO 2022 IR 149 to ISO_IR 192
WARN  [30-09-2024 09:53:40:661]: failed to convert ISO 2022 IR 149 to ISO_IR 192
WARN  [30-09-2024 10:00:28:571]: failed to convert ISO 2022 IR 149 to ISO_IR 192
WARN  [30-09-2024 10:00:28:571]: failed to convert ISO 2022 IR 149 to ISO_IR 192
WARN  [30-09-2024 10:00:28:571]: failed to convert ISO 2022 IR 149 to ISO_IR 192
WARN  [30-09-2024 10:21:24:800]: failed to convert ISO 2022 IR 149 to ISO_IR 192
WARN  [30-09-2024 10:21:53:096]: failed to convert ISO 2022 IR 149 to ISO_IR 192
WARN  [30-09-2024 10:21:55:243]: failed to convert ISO 2022 IR 149 to ISO_IR 192
WARN  [30-09-2024 10:21:57:805]: failed to convert ISO 2022 IR 149 to ISO_IR 192
WARN  [30-09-2024 10:21:57:805]: failed to convert ISO 2022 IR 149 to ISO_IR 192
WARN  [30-09-2024 10:21:57:806]: failed to convert ISO 2022 IR 149 to ISO_IR 192
WARN  [30-09-2024 10:21:57:806]: failed to convert ISO 2022 IR 149 to ISO_IR 192
WARN  [30-09-2024 10:22:08:030]: failed to convert ISO 2022 IR 149 to ISO_IR 192
WARN  [30-09-2024 10:22:08:030]: failed to convert ISO 2022 IR 149 to ISO_IR 192
WARN  [30-09-2024 10:22:08:030]: failed to convert ISO 2022 IR 149 to ISO_IR 192
WARN  [30-09-2024 10:22:08:030]: failed to convert ISO 2022 IR 149 to ISO_IR 192
WARN  [30-09-2024 10:22:08:030]: failed to convert ISO 2022 IR 149 to ISO_IR 192
WARN  [30-09-2024 18:42:06:118]: DIMSE status is: Warning: SubOperationsCompleteOneOrMoreFailures
WARN  [18-10-2024 10:36:06:371]: DIMSE status is: Warning: SubOperationsCompleteOneOrMoreFailures
ERROR [24-10-2024 07:06:41:256]: Association Request Failed: 0006:031c TCP Initialization Error: Connection refused
ERROR [24-10-2024 07:06:41:263]: Association Request Failed: 0006:031c TCP Initialization Error: Connection refused
ERROR [24-10-2024 07:06:41:266]: Association Request Failed: 0006:031c TCP Initialization Error: Connection refused
ERROR [24-10-2024 07:06:41:269]: Association Request Failed: 0006:031c TCP Initialization Error: Connection refused
ERROR [24-10-2024 07:06:41:272]: Association Request Failed: 0006:031c TCP Initialization Error: Connection refused
ERROR [24-10-2024 07:06:41:275]: Association Request Failed: 0006:031c TCP Initialization Error: Connection refused
ERROR [24-10-2024 07:06:41:278]: Association Request Failed: 0006:031c TCP Initialization Error: Connection refused
ERROR [24-10-2024 07:06:41:281]: Association Request Failed: 0006:031c TCP Initialization Error: Connection refused
ERROR [24-10-2024 07:06:41:284]: Association Request Failed: 0006:031c TCP Initialization Error: Connection refused
ERROR [24-10-2024 07:06:41:286]: Association Request Failed: 0006:031c TCP Initialization Error: Connection refused
ERROR [24-10-2024 07:06:41:289]: Association Request Failed: 0006:031c TCP Initialization Error: Connection refused
ERROR [24-10-2024 07:06:41:291]: Association Request Failed: 0006:031c TCP Initialization Error: Connection refused
ERROR [24-10-2024 07:06:41:293]: Association Request Failed: 0006:031c TCP Initialization Error: Connection refused
ERROR [24-10-2024 07:06:41:296]: Association Request Failed: 0006:031c TCP Initialization Error: Connection refused
ERROR [24-10-2024 07:06:41:298]: Association Request Failed: 0006:031c TCP Initialization Error: Connection refused
ERROR [24-10-2024 07:06:41:301]: Association Request Failed: 0006:031c TCP Initialization Error: Connection refused
ERROR [24-10-2024 07:06:41:303]: Association Request Failed: 0006:031c TCP Initialization Error: Connection refused
ERROR [24-10-2024 07:06:41:305]: Association Request Failed: 0006:031c TCP Initialization Error: Connection refused
ERROR [24-10-2024 07:06:41:307]: Association Request Failed: 0006:031c TCP Initialization Error: Connection refused
ERROR [24-10-2024 07:06:41:310]: Association Request Failed: 0006:031c TCP Initialization Error: Connection refused
ERROR [24-10-2024 07:06:41:312]: Association Request Failed: 0006:031c TCP Initialization Error: Connection refused
ERROR [24-10-2024 07:06:41:314]: Association Request Failed: 0006:031c TCP Initialization Error: Connection refused
ERROR [24-10-2024 07:06:41:317]: Association Request Failed: 0006:031c TCP Initialization Error: Connection refused
ERROR [24-10-2024 07:06:41:319]: Association Request Failed: 0006:031c TCP Initialization Error: Connection refused
ERROR [24-10-2024 07:06:41:321]: Association Request Failed: 0006:031c TCP Initialization Error: Connection refused
ERROR [24-10-2024 07:06:41:323]: Association Request Failed: 0006:031c TCP Initialization Error: Connection refused
ERROR [24-10-2024 07:06:41:325]: Association Request Failed: 0006:031c TCP Initialization Error: Connection refused
ERROR [24-10-2024 07:06:41:327]: Association Request Failed: 0006:031c TCP Initialization Error: Connection refused
ERROR [24-10-2024 07:06:41:329]: Association Request Failed: 0006:031c TCP Initialization Error: Connection refused
ERROR [24-10-2024 07:06:41:331]: Association Request Failed: 0006:031c TCP Initialization Error: Connection refused
ERROR [24-10-2024 07:06:41:333]: Association Request Failed: 0006:031c TCP Initialization Error: Connection refused
ERROR [24-10-2024 07:06:41:335]: Association Request Failed: 0006:031c TCP Initialization Error: Connection refused
ERROR [24-10-2024 07:06:41:337]: Association Request Failed: 0006:031c TCP Initialization Error: Connection refused
ERROR [24-10-2024 07:06:41:340]: Association Request Failed: 0006:031c TCP Initialization Error: Connection refused
ERROR [24-10-2024 07:06:41:342]: Association Request Failed: 0006:031c TCP Initialization Error: Connection refused
ERROR [24-10-2024 07:06:41:344]: Association Request Failed: 0006:031c TCP Initialization Error: Connection refused
ERROR [24-10-2024 07:06:41:346]: Association Request Failed: 0006:031c TCP Initialization Error: Connection refused
ERROR [24-10-2024 07:06:41:349]: Association Request Failed: 0006:031c TCP Initialization Error: Connection refused
ERROR [24-10-2024 07:06:41:352]: Association Request Failed: 0006:031c TCP Initialization Error: Connection refused
ERROR [24-10-2024 07:06:41:354]: Association Request Failed: 0006:031c TCP Initialization Error: Connection refused
ERROR [24-10-2024 07:06:41:356]: Association Request Failed: 0006:031c TCP Initialization Error: Connection refused
ERROR [24-10-2024 07:06:41:359]: Association Request Failed: 0006:031c TCP Initialization Error: Connection refused
ERROR [24-10-2024 07:06:41:361]: Association Request Failed: 0006:031c TCP Initialization Error: Connection refused
ERROR [24-10-2024 07:06:41:363]: Association Request Failed: 0006:031c TCP Initialization Error: Connection refused
ERROR [24-10-2024 07:06:41:365]: Association Request Failed: 0006:031c TCP Initialization Error: Connection refused
ERROR [24-10-2024 07:06:41:368]: Association Request Failed: 0006:031c TCP Initialization Error: Connection refused
ERROR [24-10-2024 07:06:41:370]: Association Request Failed: 0006:031c TCP Initialization Error: Connection refused
ERROR [24-10-2024 07:06:41:372]: Association Request Failed: 0006:031c TCP Initialization Error: Connection refused
ERROR [24-10-2024 07:06:41:375]: Association Request Failed: 0006:031c TCP Initialization Error: Connection refused
ERROR [24-10-2024 07:06:41:377]: Association Request Failed: 0006:031c TCP Initialization Error: Connection refused
ERROR [24-10-2024 07:06:41:379]: Association Request Failed: 0006:031c TCP Initialization Error: Connection refused
ERROR [24-10-2024 07:06:41:381]: Association Request Failed: 0006:031c TCP Initialization Error: Connection refused
ERROR [24-10-2024 07:06:41:383]: Association Request Failed: 0006:031c TCP Initialization Error: Connection refused
ERROR [24-10-2024 07:06:41:386]: Association Request Failed: 0006:031c TCP Initialization Error: Connection refused
ERROR [24-10-2024 07:06:41:388]: Association Request Failed: 0006:031c TCP Initialization Error: Connection refused
ERROR [24-10-2024 07:06:41:391]: Association Request Failed: 0006:031c TCP Initialization Error: Connection refused
ERROR [24-10-2024 07:06:41:393]: Association Request Failed: 0006:031c TCP Initialization Error: Connection refused
ERROR [24-10-2024 07:06:41:395]: Association Request Failed: 0006:031c TCP Initialization Error: Connection refused
ERROR [24-10-2024 07:06:41:397]: Association Request Failed: 0006:031c TCP Initialization Error: Connection refused
ERROR [24-10-2024 07:06:41:400]: Association Request Failed: 0006:031c TCP Initialization Error: Connection refused
ERROR [24-10-2024 07:06:41:402]: Association Request Failed: 0006:031c TCP Initialization Error: Connection refused
ERROR [24-10-2024 07:06:41:404]: Association Request Failed: 0006:031c TCP Initialization Error: Connection refused
ERROR [24-10-2024 07:06:41:406]: Association Request Failed: 0006:031c TCP Initialization Error: Connection refused
ERROR [24-10-2024 07:06:41:408]: Association Request Failed: 0006:031c TCP Initialization Error: Connection refused
ERROR [24-10-2024 07:06:41:410]: Association Request Failed: 0006:031c TCP Initialization Error: Connection refused
ERROR [24-10-2024 07:06:41:413]: Association Request Failed: 0006:031c TCP Initialization Error: Connection refused
ERROR [24-10-2024 07:06:41:415]: Association Request Failed: 0006:031c TCP Initialization Error: Connection refused
ERROR [24-10-2024 07:06:41:416]: Association Request Failed: 0006:031c TCP Initialization Error: Connection refused
ERROR [24-10-2024 07:06:41:419]: Association Request Failed: 0006:031c TCP Initialization Error: Connection refused
ERROR [24-10-2024 07:06:41:421]: Association Request Failed: 0006:031c TCP Initialization Error: Connection refused
ERROR [24-10-2024 07:06:41:423]: Association Request Failed: 0006:031c TCP Initialization Error: Connection refused
ERROR [24-10-2024 07:06:41:425]: Association Request Failed: 0006:031c TCP Initialization Error: Connection refused
ERROR [24-10-2024 07:06:41:427]: Association Request Failed: 0006:031c TCP Initialization Error: Connection refused
ERROR [24-10-2024 07:06:41:429]: Association Request Failed: 0006:031c TCP Initialization Error: Connection refused
ERROR [24-10-2024 07:06:41:431]: Association Request Failed: 0006:031c TCP Initialization Error: Connection refused
ERROR [24-10-2024 07:06:41:433]: Association Request Failed: 0006:031c TCP Initialization Error: Connection refused
ERROR [24-10-2024 07:06:41:435]: Association Request Failed: 0006:031c TCP Initialization Error: Connection refused
ERROR [24-10-2024 07:06:41:438]: Association Request Failed: 0006:031c TCP Initialization Error: Connection refused
ERROR [24-10-2024 07:06:41:440]: Association Request Failed: 0006:031c TCP Initialization Error: Connection refused
ERROR [24-10-2024 07:06:41:442]: Association Request Failed: 0006:031c TCP Initialization Error: Connection refused
ERROR [24-10-2024 07:06:41:444]: Association Request Failed: 0006:031c TCP Initialization Error: Connection refused
ERROR [24-10-2024 07:06:41:446]: Association Request Failed: 0006:031c TCP Initialization Error: Connection refused
ERROR [24-10-2024 07:06:41:449]: Association Request Failed: 0006:031c TCP Initialization Error: Connection refused
ERROR [24-10-2024 07:06:41:452]: Association Request Failed: 0006:031c TCP Initialization Error: Connection refused
ERROR [24-10-2024 07:06:41:455]: Association Request Failed: 0006:031c TCP Initialization Error: Connection refused
ERROR [24-10-2024 07:06:41:458]: Association Request Failed: 0006:031c TCP Initialization Error: Connection refused
ERROR [24-10-2024 07:06:41:461]: Association Request Failed: 0006:031c TCP Initialization Error: Connection refused
ERROR [24-10-2024 07:06:41:463]: Association Request Failed: 0006:031c TCP Initialization Error: Connection refused
ERROR [24-10-2024 07:06:41:467]: Association Request Failed: 0006:031c TCP Initialization Error: Connection refused
ERROR [24-10-2024 07:06:41:470]: Association Request Failed: 0006:031c TCP Initialization Error: Connection refused
ERROR [24-10-2024 07:06:41:473]: Association Request Failed: 0006:031c TCP Initialization Error: Connection refused
ERROR [24-10-2024 07:06:41:479]: Association Request Failed: 0006:031c TCP Initialization Error: Connection refused
ERROR [28-10-2024 09:49:47:993]: Failed receiving DIMSE response: 0006:0317 Peer aborted Association (or never connected)
ERROR [28-10-2024 09:49:47:993]: Association Abort Failed: 0006:0303 DUL Finite State Machine Error: No action defined, state 1 event 14
ERROR [28-10-2024 09:50:09:556]: DIMSE status is: Failed: UnableToProcess
ERROR [28-10-2024 10:09:16:942]: Association Request Failed: 0006:0317 Peer aborted Association (or never connected)
ERROR [28-10-2024 10:09:16:946]: Association Request Failed: 0006:0317 Peer aborted Association (or never connected)
ERROR [28-10-2024 10:09:16:949]: Association Request Failed: 0006:0317 Peer aborted Association (or never connected)
ERROR [28-10-2024 10:09:16:952]: Association Request Failed: 0006:0317 Peer aborted Association (or never connected)
ERROR [28-10-2024 10:09:16:956]: Association Request Failed: 0006:0317 Peer aborted Association (or never connected)
ERROR [28-10-2024 10:09:16:960]: Association Request Failed: 0006:0317 Peer aborted Association (or never connected)
ERROR [28-10-2024 10:09:16:963]: Association Request Failed: 0006:0317 Peer aborted Association (or never connected)
ERROR [28-10-2024 10:09:16:966]: Association Request Failed: 0006:0317 Peer aborted Association (or never connected)
ERROR [28-10-2024 10:09:16:972]: Association Request Failed: 0006:0317 Peer aborted Association (or never connected)
ERROR [28-10-2024 10:09:16:978]: Association Request Failed: 0006:0317 Peer aborted Association (or never connected)
ERROR [28-10-2024 10:09:16:984]: Association Request Failed: 0006:0317 Peer aborted Association (or never connected)
ERROR [28-10-2024 10:09:16:989]: Association Request Failed: 0006:0317 Peer aborted Association (or never connected)
ERROR [28-10-2024 10:09:16:994]: Association Request Failed: 0006:0317 Peer aborted Association (or never connected)
ERROR [28-10-2024 10:09:16:999]: Association Request Failed: 0006:0317 Peer aborted Association (or never connected)
ERROR [28-10-2024 10:09:17:004]: Association Request Failed: 0006:0317 Peer aborted Association (or never connected)
ERROR [28-10-2024 10:09:17:008]: Association Request Failed: 0006:0317 Peer aborted Association (or never connected)
ERROR [28-10-2024 10:09:17:011]: Association Request Failed: 0006:0317 Peer aborted Association (or never connected)
ERROR [28-10-2024 10:09:17:014]: Association Request Failed: 0006:0317 Peer aborted Association (or never connected)
ERROR [28-10-2024 10:09:17:017]: Association Request Failed: 0006:0317 Peer aborted Association (or never connected)
ERROR [28-10-2024 10:09:17:021]: Association Request Failed: 0006:0317 Peer aborted Association (or never connected)
ERROR [28-10-2024 10:09:17:024]: Association Request Failed: 0006:0317 Peer aborted Association (or never connected)
ERROR [28-10-2024 10:09:17:027]: Association Request Failed: 0006:0317 Peer aborted Association (or never connected)
ERROR [28-10-2024 10:09:17:029]: Association Request Failed: 0006:0317 Peer aborted Association (or never connected)
ERROR [28-10-2024 10:09:17:033]: Association Request Failed: 0006:0317 Peer aborted Association (or never connected)
ERROR [28-10-2024 10:09:17:036]: Association Request Failed: 0006:0317 Peer aborted Association (or never connected)
ERROR [28-10-2024 10:09:17:038]: Association Request Failed: 0006:0317 Peer aborted Association (or never connected)
ERROR [28-10-2024 10:09:17:041]: Association Request Failed: 0006:0317 Peer aborted Association (or never connected)
ERROR [28-10-2024 10:09:17:044]: Association Request Failed: 0006:0317 Peer aborted Association (or never connected)
ERROR [28-10-2024 10:09:17:046]: Association Request Failed: 0006:0317 Peer aborted Association (or never connected)
ERROR [28-10-2024 10:09:17:049]: Association Request Failed: 0006:0317 Peer aborted Association (or never connected)
ERROR [28-10-2024 10:09:17:052]: Association Request Failed: 0006:0317 Peer aborted Association (or never connected)
ERROR [28-10-2024 10:09:17:055]: Association Request Failed: 0006:0317 Peer aborted Association (or never connected)
ERROR [28-10-2024 10:09:17:058]: Association Request Failed: 0006:0317 Peer aborted Association (or never connected)
ERROR [28-10-2024 10:09:17:061]: Association Request Failed: 0006:0317 Peer aborted Association (or never connected)
ERROR [28-10-2024 10:09:17:064]: Association Request Failed: 0006:0317 Peer aborted Association (or never connected)
ERROR [28-10-2024 10:09:17:066]: Association Request Failed: 0006:0317 Peer aborted Association (or never connected)
ERROR [28-10-2024 10:09:17:069]: Association Request Failed: 0006:0317 Peer aborted Association (or never connected)
ERROR [28-10-2024 10:09:17:072]: Association Request Failed: 0006:0317 Peer aborted Association (or never connected)
ERROR [28-10-2024 10:09:17:075]: Association Request Failed: 0006:0317 Peer aborted Association (or never connected)
ERROR [28-10-2024 10:09:17:077]: Association Request Failed: 0006:0317 Peer aborted Association (or never connected)
ERROR [28-10-2024 10:09:17:080]: Association Request Failed: 0006:0317 Peer aborted Association (or never connected)
ERROR [28-10-2024 10:09:17:082]: Association Request Failed: 0006:0317 Peer aborted Association (or never connected)
ERROR [28-10-2024 10:09:17:085]: Association Request Failed: 0006:0317 Peer aborted Association (or never connected)
ERROR [28-10-2024 10:09:17:088]: Association Request Failed: 0006:0317 Peer aborted Association (or never connected)
ERROR [28-10-2024 10:09:17:091]: Association Request Failed: 0006:0317 Peer aborted Association (or never connected)
ERROR [28-10-2024 10:09:17:093]: Association Request Failed: 0006:0317 Peer aborted Association (or never connected)
ERROR [28-10-2024 10:09:17:096]: Association Request Failed: 0006:0317 Peer aborted Association (or never connected)
ERROR [28-10-2024 10:09:17:099]: Association Request Failed: 0006:0317 Peer aborted Association (or never connected)
ERROR [28-10-2024 10:09:17:102]: Association Request Failed: 0006:0317 Peer aborted Association (or never connected)
ERROR [28-10-2024 10:09:17:105]: Association Request Failed: 0006:0317 Peer aborted Association (or never connected)
ERROR [28-10-2024 10:09:17:108]: Association Request Failed: 0006:0317 Peer aborted Association (or never connected)
ERROR [28-10-2024 10:09:17:111]: Association Request Failed: 0006:0317 Peer aborted Association (or never connected)
ERROR [28-10-2024 10:09:17:114]: Association Request Failed: 0006:0317 Peer aborted Association (or never connected)
ERROR [28-10-2024 10:09:17:117]: Association Request Failed: 0006:0317 Peer aborted Association (or never connected)
ERROR [28-10-2024 10:09:17:120]: Association Request Failed: 0006:0317 Peer aborted Association (or never connected)
ERROR [28-10-2024 10:09:17:122]: Association Request Failed: 0006:0317 Peer aborted Association (or never connected)
ERROR [28-10-2024 10:09:17:125]: Association Request Failed: 0006:0317 Peer aborted Association (or never connected)
ERROR [28-10-2024 10:09:17:128]: Association Request Failed: 0006:0317 Peer aborted Association (or never connected)
ERROR [28-10-2024 10:09:17:131]: Association Request Failed: 0006:0317 Peer aborted Association (or never connected)
ERROR [28-10-2024 10:09:17:134]: Association Request Failed: 0006:0317 Peer aborted Association (or never connected)
ERROR [28-10-2024 10:09:17:137]: Association Request Failed: 0006:0317 Peer aborted Association (or never connected)
ERROR [28-10-2024 10:09:17:140]: Association Request Failed: 0006:0317 Peer aborted Association (or never connected)
ERROR [28-10-2024 10:09:17:143]: Association Request Failed: 0006:0317 Peer aborted Association (or never connected)
ERROR [28-10-2024 10:09:17:146]: Association Request Failed: 0006:0317 Peer aborted Association (or never connected)
ERROR [28-10-2024 10:09:17:149]: Association Request Failed: 0006:0317 Peer aborted Association (or never connected)
ERROR [28-10-2024 10:09:17:152]: Association Request Failed: 0006:0317 Peer aborted Association (or never connected)
ERROR [28-10-2024 10:09:17:155]: Association Request Failed: 0006:0317 Peer aborted Association (or never connected)
ERROR [28-10-2024 10:09:17:158]: Association Request Failed: 0006:0317 Peer aborted Association (or never connected)
ERROR [28-10-2024 10:09:17:160]: Association Request Failed: 0006:0317 Peer aborted Association (or never connected)
ERROR [28-10-2024 10:09:17:163]: Association Request Failed: 0006:0317 Peer aborted Association (or never connected)
ERROR [28-10-2024 10:09:17:165]: Association Request Failed: 0006:0317 Peer aborted Association (or never connected)
ERROR [28-10-2024 10:09:17:168]: Association Request Failed: 0006:0317 Peer aborted Association (or never connected)
ERROR [28-10-2024 10:09:17:171]: Association Request Failed: 0006:0317 Peer aborted Association (or never connected)
ERROR [28-10-2024 10:09:17:174]: Association Request Failed: 0006:0317 Peer aborted Association (or never connected)
ERROR [28-10-2024 10:09:17:176]: Association Request Failed: 0006:0317 Peer aborted Association (or never connected)
ERROR [28-10-2024 10:09:17:179]: Association Request Failed: 0006:0317 Peer aborted Association (or never connected)
ERROR [28-10-2024 10:09:17:182]: Association Request Failed: 0006:0317 Peer aborted Association (or never connected)
ERROR [28-10-2024 10:09:17:185]: Association Request Failed: 0006:0317 Peer aborted Association (or never connected)
ERROR [28-10-2024 10:09:17:188]: Association Request Failed: 0006:0317 Peer aborted Association (or never connected)
ERROR [28-10-2024 10:09:17:191]: Association Request Failed: 0006:0317 Peer aborted Association (or never connected)
ERROR [28-10-2024 12:11:35:520]: Association Request Failed: 0006:0317 Peer aborted Association (or never connected)
ERROR [28-10-2024 12:11:35:530]: Association Request Failed: 0006:0317 Peer aborted Association (or never connected)
ERROR [28-10-2024 12:11:35:534]: Association Request Failed: 0006:0317 Peer aborted Association (or never connected)
ERROR [28-10-2024 12:11:35:538]: Association Request Failed: 0006:0317 Peer aborted Association (or never connected)
ERROR [28-10-2024 12:11:35:542]: Association Request Failed: 0006:0317 Peer aborted Association (or never connected)
ERROR [28-10-2024 12:11:35:547]: Association Request Failed: 0006:0317 Peer aborted Association (or never connected)
ERROR [28-10-2024 12:11:35:554]: Association Request Failed: 0006:0317 Peer aborted Association (or never connected)
ERROR [28-10-2024 12:11:35:558]: Association Request Failed: 0006:0317 Peer aborted Association (or never connected)
ERROR [28-10-2024 12:11:35:561]: Association Request Failed: 0006:0317 Peer aborted Association (or never connected)
ERROR [28-10-2024 12:11:35:565]: Association Request Failed: 0006:0317 Peer aborted Association (or never connected)
ERROR [28-10-2024 12:11:35:569]: Association Request Failed: 0006:0317 Peer aborted Association (or never connected)
ERROR [28-10-2024 12:11:35:573]: Association Request Failed: 0006:0317 Peer aborted Association (or never connected)
ERROR [28-10-2024 12:11:35:577]: Association Request Failed: 0006:0317 Peer aborted Association (or never connected)
ERROR [28-10-2024 12:11:35:582]: Association Request Failed: 0006:0317 Peer aborted Association (or never connected)
ERROR [28-10-2024 12:11:35:587]: Association Request Failed: 0006:0317 Peer aborted Association (or never connected)
ERROR [28-10-2024 12:11:35:591]: Association Request Failed: 0006:0317 Peer aborted Association (or never connected)
ERROR [28-10-2024 12:11:35:595]: Association Request Failed: 0006:0317 Peer aborted Association (or never connected)
ERROR [28-10-2024 12:11:35:599]: Association Request Failed: 0006:0317 Peer aborted Association (or never connected)
ERROR [28-10-2024 12:11:35:602]: Association Request Failed: 0006:0317 Peer aborted Association (or never connected)
ERROR [28-10-2024 12:11:35:605]: Association Request Failed: 0006:0317 Peer aborted Association (or never connected)
ERROR [28-10-2024 12:11:35:609]: Association Request Failed: 0006:0317 Peer aborted Association (or never connected)
ERROR [28-10-2024 12:11:35:612]: Association Request Failed: 0006:0317 Peer aborted Association (or never connected)
ERROR [28-10-2024 12:11:35:615]: Association Request Failed: 0006:0317 Peer aborted Association (or never connected)
ERROR [28-10-2024 12:11:35:618]: Association Request Failed: 0006:0317 Peer aborted Association (or never connected)
ERROR [28-10-2024 12:11:35:622]: Association Request Failed: 0006:0317 Peer aborted Association (or never connected)
ERROR [28-10-2024 12:11:35:625]: Association Request Failed: 0006:0317 Peer aborted Association (or never connected)
ERROR [28-10-2024 12:11:35:629]: Association Request Failed: 0006:0317 Peer aborted Association (or never connected)
ERROR [28-10-2024 12:11:35:632]: Association Request Failed: 0006:0317 Peer aborted Association (or never connected)
ERROR [28-10-2024 12:11:35:636]: Association Request Failed: 0006:0317 Peer aborted Association (or never connected)
ERROR [28-10-2024 12:11:35:639]: Association Request Failed: 0006:0317 Peer aborted Association (or never connected)
ERROR [28-10-2024 12:11:35:643]: Association Request Failed: 0006:0317 Peer aborted Association (or never connected)
ERROR [28-10-2024 12:11:35:646]: Association Request Failed: 0006:0317 Peer aborted Association (or never connected)
ERROR [28-10-2024 12:11:35:649]: Association Request Failed: 0006:0317 Peer aborted Association (or never connected)
ERROR [28-10-2024 12:11:35:653]: Association Request Failed: 0006:0317 Peer aborted Association (or never connected)
ERROR [28-10-2024 12:11:35:656]: Association Request Failed: 0006:0317 Peer aborted Association (or never connected)
ERROR [28-10-2024 12:11:35:660]: Association Request Failed: 0006:0317 Peer aborted Association (or never connected)
ERROR [28-10-2024 12:11:35:663]: Association Request Failed: 0006:0317 Peer aborted Association (or never connected)
ERROR [28-10-2024 12:11:35:666]: Association Request Failed: 0006:0317 Peer aborted Association (or never connected)
ERROR [28-10-2024 12:11:35:669]: Association Request Failed: 0006:0317 Peer aborted Association (or never connected)
ERROR [28-10-2024 12:11:35:672]: Association Request Failed: 0006:0317 Peer aborted Association (or never connected)
ERROR [28-10-2024 12:11:35:675]: Association Request Failed: 0006:0317 Peer aborted Association (or never connected)
ERROR [28-10-2024 12:11:35:678]: Association Request Failed: 0006:0317 Peer aborted Association (or never connected)
ERROR [28-10-2024 12:11:35:681]: Association Request Failed: 0006:0317 Peer aborted Association (or never connected)
ERROR [28-10-2024 12:11:35:684]: Association Request Failed: 0006:0317 Peer aborted Association (or never connected)
ERROR [28-10-2024 12:11:35:687]: Association Request Failed: 0006:0317 Peer aborted Association (or never connected)
ERROR [28-10-2024 12:11:35:690]: Association Request Failed: 0006:0317 Peer aborted Association (or never connected)
ERROR [28-10-2024 12:11:35:693]: Association Request Failed: 0006:0317 Peer aborted Association (or never connected)
ERROR [28-10-2024 12:11:35:696]: Association Request Failed: 0006:0317 Peer aborted Association (or never connected)
ERROR [28-10-2024 12:11:35:698]: Association Request Failed: 0006:0317 Peer aborted Association (or never connected)
ERROR [28-10-2024 12:11:35:701]: Association Request Failed: 0006:0317 Peer aborted Association (or never connected)
ERROR [28-10-2024 12:11:35:704]: Association Request Failed: 0006:0317 Peer aborted Association (or never connected)
ERROR [28-10-2024 12:11:35:707]: Association Request Failed: 0006:0317 Peer aborted Association (or never connected)
ERROR [28-10-2024 12:11:35:709]: Association Request Failed: 0006:0317 Peer aborted Association (or never connected)
ERROR [28-10-2024 12:11:35:712]: Association Request Failed: 0006:0317 Peer aborted Association (or never connected)
ERROR [28-10-2024 12:11:35:715]: Association Request Failed: 0006:0317 Peer aborted Association (or never connected)
ERROR [28-10-2024 12:11:35:717]: Association Request Failed: 0006:0317 Peer aborted Association (or never connected)
ERROR [28-10-2024 12:11:35:720]: Association Request Failed: 0006:0317 Peer aborted Association (or never connected)
ERROR [28-10-2024 12:11:35:723]: Association Request Failed: 0006:0317 Peer aborted Association (or never connected)
ERROR [28-10-2024 12:11:35:726]: Association Request Failed: 0006:0317 Peer aborted Association (or never connected)
ERROR [28-10-2024 12:11:35:728]: Association Request Failed: 0006:0317 Peer aborted Association (or never connected)
ERROR [28-10-2024 12:11:35:732]: Association Request Failed: 0006:0317 Peer aborted Association (or never connected)
ERROR [28-10-2024 12:11:35:735]: Association Request Failed: 0006:0317 Peer aborted Association (or never connected)
ERROR [28-10-2024 12:11:35:738]: Association Request Failed: 0006:0317 Peer aborted Association (or never connected)
ERROR [28-10-2024 12:11:35:741]: Association Request Failed: 0006:0317 Peer aborted Association (or never connected)
ERROR [28-10-2024 12:11:35:744]: Association Request Failed: 0006:0317 Peer aborted Association (or never connected)
ERROR [28-10-2024 12:11:35:747]: Association Request Failed: 0006:0317 Peer aborted Association (or never connected)
ERROR [28-10-2024 12:11:35:750]: Association Request Failed: 0006:0317 Peer aborted Association (or never connected)
ERROR [28-10-2024 12:11:35:753]: Association Request Failed: 0006:0317 Peer aborted Association (or never connected)
ERROR [28-10-2024 12:11:35:757]: Association Request Failed: 0006:0317 Peer aborted Association (or never connected)
ERROR [28-10-2024 12:11:35:762]: Association Request Failed: 0006:0317 Peer aborted Association (or never connected)
ERROR [28-10-2024 12:11:35:769]: Association Request Failed: 0006:0317 Peer aborted Association (or never connected)
ERROR [28-10-2024 12:11:35:775]: Association Request Failed: 0006:0317 Peer aborted Association (or never connected)
ERROR [28-10-2024 12:11:35:781]: Association Request Failed: 0006:0317 Peer aborted Association (or never connected)
ERROR [28-10-2024 12:11:35:784]: Association Request Failed: 0006:0317 Peer aborted Association (or never connected)
ERROR [28-10-2024 12:11:35:787]: Association Request Failed: 0006:0317 Peer aborted Association (or never connected)
ERROR [28-10-2024 12:11:35:790]: Association Request Failed: 0006:0317 Peer aborted Association (or never connected)
ERROR [28-10-2024 12:11:35:794]: Association Request Failed: 0006:0317 Peer aborted Association (or never connected)
ERROR [28-10-2024 12:11:35:798]: Association Request Failed: 0006:0317 Peer aborted Association (or never connected)
ERROR [28-10-2024 12:11:35:802]: Association Request Failed: 0006:0317 Peer aborted Association (or never connected)
ERROR [28-10-2024 12:11:35:805]: Association Request Failed: 0006:0317 Peer aborted Association (or never connected)
ERROR [28-10-2024 12:11:35:809]: Association Request Failed: 0006:0317 Peer aborted Association (or never connected)
ERROR [28-10-2024 12:11:35:814]: Association Request Failed: 0006:0317 Peer aborted Association (or never connected)
ERROR [28-10-2024 12:11:35:820]: Association Request Failed: 0006:0317 Peer aborted Association (or never connected)
ERROR [28-10-2024 12:11:35:825]: Association Request Failed: 0006:0317 Peer aborted Association (or never connected)
ERROR [28-10-2024 12:11:35:829]: Association Request Failed: 0006:0317 Peer aborted Association (or never connected)
ERROR [28-10-2024 12:11:35:833]: Association Request Failed: 0006:0317 Peer aborted Association (or never connected)
ERROR [28-10-2024 12:11:35:838]: Association Request Failed: 0006:0317 Peer aborted Association (or never connected)
ERROR [28-10-2024 12:11:35:842]: Association Request Failed: 0006:0317 Peer aborted Association (or never connected)
ERROR [28-10-2024 12:11:35:846]: Association Request Failed: 0006:0317 Peer aborted Association (or never connected)
ERROR [28-10-2024 12:11:35:849]: Association Request Failed: 0006:0317 Peer aborted Association (or never connected)
ERROR [28-10-2024 12:11:35:853]: Association Request Failed: 0006:0317 Peer aborted Association (or never connected)
ERROR [28-10-2024 12:11:35:856]: Association Request Failed: 0006:0317 Peer aborted Association (or never connected)
ERROR [28-10-2024 12:11:35:860]: Association Request Failed: 0006:0317 Peer aborted Association (or never connected)
ERROR [28-10-2024 12:11:35:863]: Association Request Failed: 0006:0317 Peer aborted Association (or never connected)
ERROR [28-10-2024 12:11:35:866]: Association Request Failed: 0006:0317 Peer aborted Association (or never connected)
ERROR [28-10-2024 12:11:35:869]: Association Request Failed: 0006:0317 Peer aborted Association (or never connected)
ERROR [28-10-2024 12:11:35:872]: Association Request Failed: 0006:0317 Peer aborted Association (or never connected)
ERROR [28-10-2024 12:11:35:875]: Association Request Failed: 0006:0317 Peer aborted Association (or never connected)
ERROR [28-10-2024 12:11:35:878]: Association Request Failed: 0006:0317 Peer aborted Association (or never connected)
ERROR [28-10-2024 12:11:35:881]: Association Request Failed: 0006:0317 Peer aborted Association (or never connected)
ERROR [28-10-2024 12:11:35:884]: Association Request Failed: 0006:0317 Peer aborted Association (or never connected)
ERROR [28-10-2024 12:11:35:887]: Association Request Failed: 0006:0317 Peer aborted Association (or never connected)
ERROR [28-10-2024 12:11:35:890]: Association Request Failed: 0006:0317 Peer aborted Association (or never connected)
ERROR [28-10-2024 12:11:35:894]: Association Request Failed: 0006:0317 Peer aborted Association (or never connected)
ERROR [28-10-2024 12:11:35:897]: Association Request Failed: 0006:0317 Peer aborted Association (or never connected)
ERROR [28-10-2024 12:11:35:900]: Association Request Failed: 0006:0317 Peer aborted Association (or never connected)
ERROR [28-10-2024 12:11:35:903]: Association Request Failed: 0006:0317 Peer aborted Association (or never connected)
ERROR [28-10-2024 12:11:35:906]: Association Request Failed: 0006:0317 Peer aborted Association (or never connected)
ERROR [28-10-2024 12:11:35:909]: Association Request Failed: 0006:0317 Peer aborted Association (or never connected)
ERROR [28-10-2024 12:11:35:912]: Association Request Failed: 0006:0317 Peer aborted Association (or never connected)
ERROR [28-10-2024 12:11:35:915]: Association Request Failed: 0006:0317 Peer aborted Association (or never connected)
ERROR [28-10-2024 12:11:35:918]: Association Request Failed: 0006:0317 Peer aborted Association (or never connected)
ERROR [28-10-2024 12:11:35:922]: Association Request Failed: 0006:0317 Peer aborted Association (or never connected)
ERROR [28-10-2024 12:11:35:925]: Association Request Failed: 0006:0317 Peer aborted Association (or never connected)
ERROR [28-10-2024 12:11:35:929]: Association Request Failed: 0006:0317 Peer aborted Association (or never connected)
ERROR [28-10-2024 12:11:35:932]: Association Request Failed: 0006:0317 Peer aborted Association (or never connected)
ERROR [28-10-2024 12:11:35:936]: Association Request Failed: 0006:0317 Peer aborted Association (or never connected)
ERROR [28-10-2024 12:11:35:941]: Association Request Failed: 0006:0317 Peer aborted Association (or never connected)
ERROR [28-10-2024 12:11:35:947]: Association Request Failed: 0006:0317 Peer aborted Association (or never connected)
ERROR [28-10-2024 12:11:35:954]: Association Request Failed: 0006:0317 Peer aborted Association (or never connected)
ERROR [28-10-2024 12:11:35:961]: Association Request Failed: 0006:0317 Peer aborted Association (or never connected)
ERROR [28-10-2024 12:11:35:968]: Association Request Failed: 0006:0317 Peer aborted Association (or never connected)
ERROR [28-10-2024 12:12:37:679]: Association Request Failed: 0006:0317 Peer aborted Association (or never connected)
ERROR [28-10-2024 12:12:37:684]: Association Request Failed: 0006:0317 Peer aborted Association (or never connected)
ERROR [28-10-2024 12:12:37:688]: Association Request Failed: 0006:0317 Peer aborted Association (or never connected)
ERROR [28-10-2024 12:12:37:692]: Association Request Failed: 0006:0317 Peer aborted Association (or never connected)
ERROR [28-10-2024 12:12:37:695]: Association Request Failed: 0006:0317 Peer aborted Association (or never connected)
ERROR [28-10-2024 12:12:37:699]: Association Request Failed: 0006:0317 Peer aborted Association (or never connected)
ERROR [28-10-2024 12:12:37:703]: Association Request Failed: 0006:0317 Peer aborted Association (or never connected)
ERROR [28-10-2024 12:12:37:707]: Association Request Failed: 0006:0317 Peer aborted Association (or never connected)
ERROR [28-10-2024 12:12:37:710]: Association Request Failed: 0006:0317 Peer aborted Association (or never connected)
ERROR [28-10-2024 12:12:37:714]: Association Request Failed: 0006:0317 Peer aborted Association (or never connected)
ERROR [28-10-2024 12:12:37:717]: Association Request Failed: 0006:0317 Peer aborted Association (or never connected)
ERROR [28-10-2024 12:12:37:721]: Association Request Failed: 0006:0317 Peer aborted Association (or never connected)
ERROR [28-10-2024 12:12:37:724]: Association Request Failed: 0006:0317 Peer aborted Association (or never connected)
ERROR [28-10-2024 12:12:37:728]: Association Request Failed: 0006:0317 Peer aborted Association (or never connected)
ERROR [28-10-2024 12:12:37:733]: Association Request Failed: 0006:0317 Peer aborted Association (or never connected)
ERROR [28-10-2024 12:12:37:737]: Association Request Failed: 0006:0317 Peer aborted Association (or never connected)
ERROR [28-10-2024 12:12:37:741]: Association Request Failed: 0006:0317 Peer aborted Association (or never connected)
ERROR [28-10-2024 12:12:37:745]: Association Request Failed: 0006:0317 Peer aborted Association (or never connected)
ERROR [28-10-2024 12:12:37:748]: Association Request Failed: 0006:0317 Peer aborted Association (or never connected)
ERROR [28-10-2024 12:12:37:752]: Association Request Failed: 0006:0317 Peer aborted Association (or never connected)
ERROR [28-10-2024 12:12:37:755]: Association Request Failed: 0006:0317 Peer aborted Association (or never connected)
ERROR [28-10-2024 12:12:37:759]: Association Request Failed: 0006:0317 Peer aborted Association (or never connected)
ERROR [28-10-2024 12:12:37:763]: Association Request Failed: 0006:0317 Peer aborted Association (or never connected)
ERROR [28-10-2024 12:12:37:769]: Association Request Failed: 0006:0317 Peer aborted Association (or never connected)
ERROR [28-10-2024 12:12:37:774]: Association Request Failed: 0006:0317 Peer aborted Association (or never connected)
ERROR [28-10-2024 12:12:37:779]: Association Request Failed: 0006:0317 Peer aborted Association (or never connected)
ERROR [28-10-2024 12:12:37:784]: Association Request Failed: 0006:0317 Peer aborted Association (or never connected)
ERROR [28-10-2024 12:12:37:788]: Association Request Failed: 0006:0317 Peer aborted Association (or never connected)
ERROR [28-10-2024 12:12:37:793]: Association Request Failed: 0006:0317 Peer aborted Association (or never connected)
ERROR [28-10-2024 12:12:37:799]: Association Request Failed: 0006:0317 Peer aborted Association (or never connected)
ERROR [28-10-2024 12:12:37:807]: Association Request Failed: 0006:0317 Peer aborted Association (or never connected)
ERROR [28-10-2024 12:12:37:816]: Association Request Failed: 0006:0317 Peer aborted Association (or never connected)
ERROR [28-10-2024 12:12:37:823]: Association Request Failed: 0006:0317 Peer aborted Association (or never connected)
ERROR [28-10-2024 12:12:37:829]: Association Request Failed: 0006:0317 Peer aborted Association (or never connected)
ERROR [28-10-2024 12:12:37:834]: Association Request Failed: 0006:0317 Peer aborted Association (or never connected)
ERROR [28-10-2024 12:12:37:838]: Association Request Failed: 0006:0317 Peer aborted Association (or never connected)
ERROR [28-10-2024 12:12:37:842]: Association Request Failed: 0006:0317 Peer aborted Association (or never connected)
ERROR [28-10-2024 12:12:37:847]: Association Request Failed: 0006:0317 Peer aborted Association (or never connected)
ERROR [28-10-2024 12:12:37:850]: Association Request Failed: 0006:0317 Peer aborted Association (or never connected)
ERROR [28-10-2024 12:12:37:854]: Association Request Failed: 0006:0317 Peer aborted Association (or never connected)
ERROR [28-10-2024 12:12:37:857]: Association Request Failed: 0006:0317 Peer aborted Association (or never connected)
ERROR [28-10-2024 12:12:37:860]: Association Request Failed: 0006:0317 Peer aborted Association (or never connected)
ERROR [28-10-2024 12:12:37:863]: Association Request Failed: 0006:0317 Peer aborted Association (or never connected)
ERROR [28-10-2024 12:12:37:866]: Association Request Failed: 0006:0317 Peer aborted Association (or never connected)
ERROR [28-10-2024 12:12:37:869]: Association Request Failed: 0006:0317 Peer aborted Association (or never connected)
ERROR [28-10-2024 12:12:37:873]: Association Request Failed: 0006:0317 Peer aborted Association (or never connected)
ERROR [28-10-2024 12:12:37:878]: Association Request Failed: 0006:0317 Peer aborted Association (or never connected)
ERROR [28-10-2024 12:12:37:883]: Association Request Failed: 0006:0317 Peer aborted Association (or never connected)
ERROR [28-10-2024 12:12:37:889]: Association Request Failed: 0006:0317 Peer aborted Association (or never connected)
ERROR [28-10-2024 12:12:37:894]: Association Request Failed: 0006:0317 Peer aborted Association (or never connected)
ERROR [28-10-2024 12:12:37:900]: Association Request Failed: 0006:0317 Peer aborted Association (or never connected)
ERROR [28-10-2024 12:12:37:904]: Association Request Failed: 0006:0317 Peer aborted Association (or never connected)
ERROR [28-10-2024 12:12:37:909]: Association Request Failed: 0006:0317 Peer aborted Association (or never connected)
ERROR [28-10-2024 12:12:37:912]: Association Request Failed: 0006:0317 Peer aborted Association (or never connected)
ERROR [28-10-2024 12:12:37:917]: Association Request Failed: 0006:0317 Peer aborted Association (or never connected)
ERROR [28-10-2024 12:12:37:920]: Association Request Failed: 0006:0317 Peer aborted Association (or never connected)
ERROR [28-10-2024 12:12:37:923]: Association Request Failed: 0006:0317 Peer aborted Association (or never connected)
ERROR [28-10-2024 12:12:37:925]: Association Request Failed: 0006:0317 Peer aborted Association (or never connected)
ERROR [28-10-2024 12:12:37:928]: Association Request Failed: 0006:0317 Peer aborted Association (or never connected)
ERROR [28-10-2024 12:12:37:931]: Association Request Failed: 0006:0317 Peer aborted Association (or never connected)
ERROR [28-10-2024 12:12:37:933]: Association Request Failed: 0006:0317 Peer aborted Association (or never connected)
ERROR [28-10-2024 12:12:37:936]: Association Request Failed: 0006:0317 Peer aborted Association (or never connected)
ERROR [28-10-2024 12:12:37:939]: Association Request Failed: 0006:0317 Peer aborted Association (or never connected)
ERROR [28-10-2024 12:12:37:942]: Association Request Failed: 0006:0317 Peer aborted Association (or never connected)
ERROR [28-10-2024 12:12:37:945]: Association Request Failed: 0006:0317 Peer aborted Association (or never connected)
ERROR [28-10-2024 12:12:37:948]: Association Request Failed: 0006:0317 Peer aborted Association (or never connected)
ERROR [28-10-2024 12:12:37:950]: Association Request Failed: 0006:0317 Peer aborted Association (or never connected)
ERROR [28-10-2024 12:12:37:953]: Association Request Failed: 0006:0317 Peer aborted Association (or never connected)
ERROR [28-10-2024 12:12:37:956]: Association Request Failed: 0006:0317 Peer aborted Association (or never connected)
ERROR [28-10-2024 12:12:37:960]: Association Request Failed: 0006:0317 Peer aborted Association (or never connected)
ERROR [28-10-2024 12:12:37:964]: Association Request Failed: 0006:0317 Peer aborted Association (or never connected)
ERROR [28-10-2024 12:12:37:967]: Association Request Failed: 0006:0317 Peer aborted Association (or never connected)
ERROR [28-10-2024 12:12:37:970]: Association Request Failed: 0006:0317 Peer aborted Association (or never connected)
ERROR [28-10-2024 12:12:37:974]: Association Request Failed: 0006:0317 Peer aborted Association (or never connected)
ERROR [28-10-2024 12:12:37:977]: Association Request Failed: 0006:0317 Peer aborted Association (or never connected)
ERROR [28-10-2024 12:12:37:979]: Association Request Failed: 0006:0317 Peer aborted Association (or never connected)
ERROR [28-10-2024 12:12:37:983]: Association Request Failed: 0006:0317 Peer aborted Association (or never connected)
ERROR [28-10-2024 12:12:37:986]: Association Request Failed: 0006:0317 Peer aborted Association (or never connected)
ERROR [28-10-2024 12:12:37:988]: Association Request Failed: 0006:0317 Peer aborted Association (or never connected)
ERROR [28-10-2024 12:12:37:991]: Association Request Failed: 0006:0317 Peer aborted Association (or never connected)
ERROR [28-10-2024 12:12:37:994]: Association Request Failed: 0006:0317 Peer aborted Association (or never connected)
ERROR [28-10-2024 12:12:37:997]: Association Request Failed: 0006:0317 Peer aborted Association (or never connected)
ERROR [28-10-2024 12:12:38:000]: Association Request Failed: 0006:0317 Peer aborted Association (or never connected)
ERROR [28-10-2024 12:12:38:003]: Association Request Failed: 0006:0317 Peer aborted Association (or never connected)
ERROR [28-10-2024 12:12:38:007]: Association Request Failed: 0006:0317 Peer aborted Association (or never connected)
ERROR [28-10-2024 12:12:38:010]: Association Request Failed: 0006:0317 Peer aborted Association (or never connected)
ERROR [28-10-2024 12:12:38:013]: Association Request Failed: 0006:0317 Peer aborted Association (or never connected)
ERROR [28-10-2024 12:12:38:016]: Association Request Failed: 0006:0317 Peer aborted Association (or never connected)
ERROR [28-10-2024 12:12:38:020]: Association Request Failed: 0006:0317 Peer aborted Association (or never connected)
ERROR [28-10-2024 12:12:38:023]: Association Request Failed: 0006:0317 Peer aborted Association (or never connected)
ERROR [28-10-2024 12:12:38:026]: Association Request Failed: 0006:0317 Peer aborted Association (or never connected)
ERROR [28-10-2024 12:12:38:029]: Association Request Failed: 0006:0317 Peer aborted Association (or never connected)
ERROR [28-10-2024 12:12:38:033]: Association Request Failed: 0006:0317 Peer aborted Association (or never connected)
ERROR [28-10-2024 12:12:38:037]: Association Request Failed: 0006:0317 Peer aborted Association (or never connected)
ERROR [28-10-2024 12:12:38:042]: Association Request Failed: 0006:0317 Peer aborted Association (or never connected)
ERROR [28-10-2024 12:12:38:047]: Association Request Failed: 0006:0317 Peer aborted Association (or never connected)
ERROR [28-10-2024 12:12:38:052]: Association Request Failed: 0006:0317 Peer aborted Association (or never connected)
ERROR [28-10-2024 12:12:38:057]: Association Request Failed: 0006:0317 Peer aborted Association (or never connected)
ERROR [28-10-2024 12:12:38:061]: Association Request Failed: 0006:0317 Peer aborted Association (or never connected)
ERROR [28-10-2024 12:12:38:065]: Association Request Failed: 0006:0317 Peer aborted Association (or never connected)
ERROR [28-10-2024 12:12:38:069]: Association Request Failed: 0006:0317 Peer aborted Association (or never connected)
ERROR [28-10-2024 12:12:38:073]: Association Request Failed: 0006:0317 Peer aborted Association (or never connected)
ERROR [28-10-2024 12:12:38:077]: Association Request Failed: 0006:0317 Peer aborted Association (or never connected)
ERROR [28-10-2024 12:12:38:080]: Association Request Failed: 0006:0317 Peer aborted Association (or never connected)
ERROR [28-10-2024 12:12:38:084]: Association Request Failed: 0006:0317 Peer aborted Association (or never connected)
ERROR [28-10-2024 12:12:38:088]: Association Request Failed: 0006:0317 Peer aborted Association (or never connected)
ERROR [28-10-2024 12:12:38:091]: Association Request Failed: 0006:0317 Peer aborted Association (or never connected)
ERROR [28-10-2024 12:12:38:095]: Association Request Failed: 0006:0317 Peer aborted Association (or never connected)
ERROR [28-10-2024 12:12:38:100]: Association Request Failed: 0006:0317 Peer aborted Association (or never connected)
ERROR [28-10-2024 12:12:38:104]: Association Request Failed: 0006:0317 Peer aborted Association (or never connected)
ERROR [28-10-2024 12:12:38:108]: Association Request Failed: 0006:0317 Peer aborted Association (or never connected)
ERROR [28-10-2024 12:12:38:122]: Association Request Failed: 0006:0317 Peer aborted Association (or never connected)
ERROR [28-10-2024 12:12:38:128]: Association Request Failed: 0006:0317 Peer aborted Association (or never connected)
ERROR [28-10-2024 12:12:38:132]: Association Request Failed: 0006:0317 Peer aborted Association (or never connected)
ERROR [28-10-2024 12:12:38:137]: Association Request Failed: 0006:0317 Peer aborted Association (or never connected)
ERROR [28-10-2024 12:12:38:143]: Association Request Failed: 0006:0317 Peer aborted Association (or never connected)
ERROR [28-10-2024 12:12:38:151]: Association Request Failed: 0006:0317 Peer aborted Association (or never connected)
ERROR [28-10-2024 12:12:38:159]: Association Request Failed: 0006:0317 Peer aborted Association (or never connected)
ERROR [28-10-2024 12:12:38:165]: Association Request Failed: 0006:0317 Peer aborted Association (or never connected)
ERROR [28-10-2024 12:12:38:170]: Association Request Failed: 0006:0317 Peer aborted Association (or never connected)
ERROR [28-10-2024 12:12:38:176]: Association Request Failed: 0006:0317 Peer aborted Association (or never connected)
ERROR [28-10-2024 12:12:38:180]: Association Request Failed: 0006:0317 Peer aborted Association (or never connected)
ERROR [29-10-2024 07:48:24:281]: Failed receiving DIMSE response: 0006:0317 Peer aborted Association (or never connected)
ERROR [29-10-2024 07:48:24:281]: Association Abort Failed: 0006:0303 DUL Finite State Machine Error: No action defined, state 1 event 14
WARN  [29-10-2024 07:54:40:140]: DIMSE status is: Warning: SubOperationsCompleteOneOrMoreFailures
WARN  [03-11-2024 10:44:40:773]: DIMSE status is: Warning: SubOperationsCompleteOneOrMoreFailures
WARN  [06-11-2024 08:58:31:035]: DIMSE status is: Warning: SubOperationsCompleteOneOrMoreFailures
WARN  [07-11-2024 08:15:22:709]: DIMSE status is: Warning: SubOperationsCompleteOneOrMoreFailures
WARN  [07-11-2024 08:33:45:315]: DIMSE status is: Warning: SubOperationsCompleteOneOrMoreFailures
WARN  [07-11-2024 08:33:47:111]: DIMSE status is: Warning: SubOperationsCompleteOneOrMoreFailures
WARN  [07-11-2024 08:33:50:080]: DIMSE status is: Warning: SubOperationsCompleteOneOrMoreFailures
WARN  [07-11-2024 08:33:51:050]: DIMSE status is: Warning: SubOperationsCompleteOneOrMoreFailures
WARN  [07-11-2024 08:33:52:643]: DIMSE status is: Warning: SubOperationsCompleteOneOrMoreFailures
WARN  [07-11-2024 08:33:53:503]: DIMSE status is: Warning: SubOperationsCompleteOneOrMoreFailures
WARN  [07-11-2024 08:33:55:191]: DIMSE status is: Warning: SubOperationsCompleteOneOrMoreFailures
WARN  [07-11-2024 08:33:56:643]: DIMSE status is: Warning: SubOperationsCompleteOneOrMoreFailures
WARN  [07-11-2024 08:33:57:769]: DIMSE status is: Warning: SubOperationsCompleteOneOrMoreFailures
WARN  [07-11-2024 08:33:59:301]: DIMSE status is: Warning: SubOperationsCompleteOneOrMoreFailures
WARN  [07-11-2024 08:34:00:472]: DIMSE status is: Warning: SubOperationsCompleteOneOrMoreFailures
WARN  [07-11-2024 08:34:01:738]: DIMSE status is: Warning: SubOperationsCompleteOneOrMoreFailures
WARN  [07-11-2024 08:35:14:967]: DIMSE status is: Warning: SubOperationsCompleteOneOrMoreFailures
WARN  [07-11-2024 08:35:16:030]: DIMSE status is: Warning: SubOperationsCompleteOneOrMoreFailures
WARN  [07-11-2024 08:35:17:578]: DIMSE status is: Warning: SubOperationsCompleteOneOrMoreFailures
WARN  [07-11-2024 08:35:19:124]: DIMSE status is: Warning: SubOperationsCompleteOneOrMoreFailures
WARN  [07-11-2024 08:35:20:234]: DIMSE status is: Warning: SubOperationsCompleteOneOrMoreFailures
WARN  [07-11-2024 08:35:21:218]: DIMSE status is: Warning: SubOperationsCompleteOneOrMoreFailures
WARN  [07-11-2024 08:35:22:468]: DIMSE status is: Warning: SubOperationsCompleteOneOrMoreFailures
WARN  [07-11-2024 08:35:24:000]: DIMSE status is: Warning: SubOperationsCompleteOneOrMoreFailures
WARN  [07-11-2024 08:35:25:124]: DIMSE status is: Warning: SubOperationsCompleteOneOrMoreFailures
WARN  [07-11-2024 15:00:36:722]: DIMSE status is: Warning: SubOperationsCompleteOneOrMoreFailures
WARN  [10-11-2024 17:39:13:874]: DIMSE status is: Warning: SubOperationsCompleteOneOrMoreFailures
WARN  [10-11-2024 18:36:43:784]: DIMSE status is: Warning: SubOperationsCompleteOneOrMoreFailures
WARN  [10-11-2024 19:14:38:042]: DIMSE status is: Warning: SubOperationsCompleteOneOrMoreFailures
WARN  [10-11-2024 19:24:22:820]: DIMSE status is: Warning: SubOperationsCompleteOneOrMoreFailures
WARN  [11-11-2024 08:31:01:401]: DIMSE status is: Warning: SubOperationsCompleteOneOrMoreFailures
WARN  [11-11-2024 09:10:00:640]: DIMSE status is: Warning: SubOperationsCompleteOneOrMoreFailures
WARN  [11-11-2024 10:36:42:688]: DIMSE status is: Warning: SubOperationsCompleteOneOrMoreFailures
WARN  [11-11-2024 10:38:14:869]: DIMSE status is: Warning: SubOperationsCompleteOneOrMoreFailures
WARN  [11-11-2024 10:43:33:727]: DIMSE status is: Warning: SubOperationsCompleteOneOrMoreFailures
WARN  [11-11-2024 12:03:13:506]: DIMSE status is: Warning: SubOperationsCompleteOneOrMoreFailures
WARN  [11-11-2024 12:58:26:535]: DIMSE status is: Warning: SubOperationsCompleteOneOrMoreFailures
WARN  [11-11-2024 13:39:07:306]: DIMSE status is: Warning: SubOperationsCompleteOneOrMoreFailures
WARN  [11-11-2024 13:56:35:950]: DIMSE status is: Warning: SubOperationsCompleteOneOrMoreFailures
WARN  [11-11-2024 15:55:45:765]: DIMSE status is: Warning: SubOperationsCompleteOneOrMoreFailures
WARN  [11-11-2024 16:23:41:550]: DIMSE status is: Warning: SubOperationsCompleteOneOrMoreFailures
WARN  [11-11-2024 18:10:35:488]: DIMSE status is: Warning: SubOperationsCompleteOneOrMoreFailures
WARN  [11-11-2024 19:58:03:524]: DIMSE status is: Warning: SubOperationsCompleteOneOrMoreFailures
WARN  [11-11-2024 20:41:23:487]: DIMSE status is: Warning: SubOperationsCompleteOneOrMoreFailures
WARN  [11-11-2024 20:56:52:990]: DIMSE status is: Warning: SubOperationsCompleteOneOrMoreFailures
WARN  [11-11-2024 20:59:36:123]: DIMSE status is: Warning: SubOperationsCompleteOneOrMoreFailures
WARN  [12-11-2024 07:33:04:570]: DIMSE status is: Warning: SubOperationsCompleteOneOrMoreFailures
WARN  [12-11-2024 07:38:09:553]: DIMSE status is: Warning: SubOperationsCompleteOneOrMoreFailures
WARN  [12-11-2024 07:38:10:741]: DIMSE status is: Warning: SubOperationsCompleteOneOrMoreFailures
WARN  [12-11-2024 07:38:11:663]: DIMSE status is: Warning: SubOperationsCompleteOneOrMoreFailures
WARN  [12-11-2024 07:38:12:555]: DIMSE status is: Warning: SubOperationsCompleteOneOrMoreFailures
WARN  [12-11-2024 07:38:14:026]: DIMSE status is: Warning: SubOperationsCompleteOneOrMoreFailures
WARN  [12-11-2024 07:38:14:759]: DIMSE status is: Warning: SubOperationsCompleteOneOrMoreFailures
WARN  [12-11-2024 07:38:15:979]: DIMSE status is: Warning: SubOperationsCompleteOneOrMoreFailures
WARN  [12-11-2024 07:38:16:995]: DIMSE status is: Warning: SubOperationsCompleteOneOrMoreFailures
WARN  [12-11-2024 07:38:50:814]: DIMSE status is: Warning: SubOperationsCompleteOneOrMoreFailures
WARN  [12-11-2024 07:38:56:631]: DIMSE status is: Warning: SubOperationsCompleteOneOrMoreFailures
WARN  [13-11-2024 07:25:19:514]: DIMSE status is: Warning: SubOperationsCompleteOneOrMoreFailures
WARN  [13-11-2024 07:25:22:775]: DIMSE status is: Warning: SubOperationsCompleteOneOrMoreFailures
WARN  [13-11-2024 07:25:26:103]: DIMSE status is: Warning: SubOperationsCompleteOneOrMoreFailures
WARN  [13-11-2024 07:25:29:494]: DIMSE status is: Warning: SubOperationsCompleteOneOrMoreFailures
WARN  [13-11-2024 07:32:19:640]: DIMSE status is: Warning: SubOperationsCompleteOneOrMoreFailures
WARN  [13-11-2024 07:32:22:994]: DIMSE status is: Warning: SubOperationsCompleteOneOrMoreFailures
WARN  [13-11-2024 07:32:26:373]: DIMSE status is: Warning: SubOperationsCompleteOneOrMoreFailures
WARN  [13-11-2024 07:33:32:147]: DIMSE status is: Warning: SubOperationsCompleteOneOrMoreFailures
WARN  [13-11-2024 07:33:35:264]: DIMSE status is: Warning: SubOperationsCompleteOneOrMoreFailures
WARN  [13-11-2024 07:33:38:500]: DIMSE status is: Warning: SubOperationsCompleteOneOrMoreFailures
WARN  [13-11-2024 07:33:41:841]: DIMSE status is: Warning: SubOperationsCompleteOneOrMoreFailures
WARN  [13-11-2024 07:33:45:185]: DIMSE status is: Warning: SubOperationsCompleteOneOrMoreFailures
WARN  [13-11-2024 07:33:48:478]: DIMSE status is: Warning: SubOperationsCompleteOneOrMoreFailures
WARN  [13-11-2024 07:33:51:874]: DIMSE status is: Warning: SubOperationsCompleteOneOrMoreFailures
WARN  [13-11-2024 07:37:21:144]: DIMSE status is: Warning: SubOperationsCompleteOneOrMoreFailures
WARN  [13-11-2024 07:38:08:064]: DIMSE status is: Warning: SubOperationsCompleteOneOrMoreFailures
WARN  [13-11-2024 07:38:17:381]: DIMSE status is: Warning: SubOperationsCompleteOneOrMoreFailures
WARN  [13-11-2024 07:38:35:239]: DIMSE status is: Warning: SubOperationsCompleteOneOrMoreFailures
WARN  [13-11-2024 07:38:56:017]: DIMSE status is: Warning: SubOperationsCompleteOneOrMoreFailures
WARN  [13-11-2024 07:38:59:078]: DIMSE status is: Warning: SubOperationsCompleteOneOrMoreFailures
WARN  [13-11-2024 07:39:02:375]: DIMSE status is: Warning: SubOperationsCompleteOneOrMoreFailures
WARN  [13-11-2024 07:39:06:198]: DIMSE status is: Warning: SubOperationsCompleteOneOrMoreFailures
WARN  [13-11-2024 07:39:08:572]: DIMSE status is: Warning: SubOperationsCompleteOneOrMoreFailures
WARN  [13-11-2024 07:39:12:861]: DIMSE status is: Warning: SubOperationsCompleteOneOrMoreFailures
WARN  [13-11-2024 07:39:14:872]: DIMSE status is: Warning: SubOperationsCompleteOneOrMoreFailures
WARN  [13-11-2024 07:39:16:929]: DIMSE status is: Warning: SubOperationsCompleteOneOrMoreFailures
WARN  [13-11-2024 07:39:18:445]: DIMSE status is: Warning: SubOperationsCompleteOneOrMoreFailures
WARN  [13-11-2024 07:39:19:616]: DIMSE status is: Warning: SubOperationsCompleteOneOrMoreFailures
WARN  [13-11-2024 07:39:21:523]: DIMSE status is: Warning: SubOperationsCompleteOneOrMoreFailures
WARN  [13-11-2024 07:39:22:695]: DIMSE status is: Warning: SubOperationsCompleteOneOrMoreFailures
WARN  [13-11-2024 07:39:24:007]: DIMSE status is: Warning: SubOperationsCompleteOneOrMoreFailures
WARN  [13-11-2024 07:39:25:476]: DIMSE status is: Warning: SubOperationsCompleteOneOrMoreFailures
WARN  [13-11-2024 07:39:26:570]: DIMSE status is: Warning: SubOperationsCompleteOneOrMoreFailures
WARN  [13-11-2024 07:40:20:165]: DIMSE status is: Warning: SubOperationsCompleteOneOrMoreFailures
WARN  [13-11-2024 07:40:21:759]: DIMSE status is: Warning: SubOperationsCompleteOneOrMoreFailures
WARN  [13-11-2024 07:40:22:899]: DIMSE status is: Warning: SubOperationsCompleteOneOrMoreFailures
WARN  [13-11-2024 07:40:23:914]: DIMSE status is: Warning: SubOperationsCompleteOneOrMoreFailures
WARN  [13-11-2024 07:40:25:258]: DIMSE status is: Warning: SubOperationsCompleteOneOrMoreFailures
WARN  [13-11-2024 07:40:26:805]: DIMSE status is: Warning: SubOperationsCompleteOneOrMoreFailures
WARN  [13-11-2024 07:40:27:961]: DIMSE status is: Warning: SubOperationsCompleteOneOrMoreFailures
WARN  [13-11-2024 07:40:35:738]: DIMSE status is: Warning: SubOperationsCompleteOneOrMoreFailures
WARN  [13-11-2024 07:40:36:399]: DIMSE status is: Warning: SubOperationsCompleteOneOrMoreFailures
WARN  [13-11-2024 07:40:37:774]: DIMSE status is: Warning: SubOperationsCompleteOneOrMoreFailures
WARN  [13-11-2024 07:40:39:024]: DIMSE status is: Warning: SubOperationsCompleteOneOrMoreFailures
WARN  [13-11-2024 07:40:39:743]: DIMSE status is: Warning: SubOperationsCompleteOneOrMoreFailures
WARN  [13-11-2024 07:40:40:649]: DIMSE status is: Warning: SubOperationsCompleteOneOrMoreFailures
WARN  [13-11-2024 07:40:41:774]: DIMSE status is: Warning: SubOperationsCompleteOneOrMoreFailures
WARN  [13-11-2024 07:40:42:664]: DIMSE status is: Warning: SubOperationsCompleteOneOrMoreFailures
WARN  [13-11-2024 07:40:43:336]: DIMSE status is: Warning: SubOperationsCompleteOneOrMoreFailures
WARN  [13-11-2024 07:40:44:993]: DIMSE status is: Warning: SubOperationsCompleteOneOrMoreFailures
WARN  [13-11-2024 07:40:45:633]: DIMSE status is: Warning: SubOperationsCompleteOneOrMoreFailures
WARN  [13-11-2024 07:40:46:477]: DIMSE status is: Warning: SubOperationsCompleteOneOrMoreFailures
WARN  [13-11-2024 07:40:47:305]: DIMSE status is: Warning: SubOperationsCompleteOneOrMoreFailures
WARN  [13-11-2024 07:40:48:055]: DIMSE status is: Warning: SubOperationsCompleteOneOrMoreFailures
WARN  [13-11-2024 07:40:48:867]: DIMSE status is: Warning: SubOperationsCompleteOneOrMoreFailures
WARN  [13-11-2024 07:40:49:334]: DIMSE status is: Warning: SubOperationsCompleteOneOrMoreFailures
WARN  [13-11-2024 07:40:50:414]: DIMSE status is: Warning: SubOperationsCompleteOneOrMoreFailures
WARN  [13-11-2024 07:40:51:164]: DIMSE status is: Warning: SubOperationsCompleteOneOrMoreFailures
WARN  [13-11-2024 07:40:51:711]: DIMSE status is: Warning: SubOperationsCompleteOneOrMoreFailures
WARN  [13-11-2024 07:40:52:476]: DIMSE status is: Warning: SubOperationsCompleteOneOrMoreFailures
WARN  [13-11-2024 07:40:53:210]: DIMSE status is: Warning: SubOperationsCompleteOneOrMoreFailures
WARN  [13-11-2024 07:40:54:383]: DIMSE status is: Warning: SubOperationsCompleteOneOrMoreFailures
WARN  [13-11-2024 07:40:54:914]: DIMSE status is: Warning: SubOperationsCompleteOneOrMoreFailures
WARN  [13-11-2024 07:40:55:508]: DIMSE status is: Warning: SubOperationsCompleteOneOrMoreFailures
WARN  [13-11-2024 07:40:56:039]: DIMSE status is: Warning: SubOperationsCompleteOneOrMoreFailures
WARN  [13-11-2024 07:40:56:695]: DIMSE status is: Warning: SubOperationsCompleteOneOrMoreFailures
WARN  [13-11-2024 07:40:57:289]: DIMSE status is: Warning: SubOperationsCompleteOneOrMoreFailures
WARN  [13-11-2024 07:40:57:750]: DIMSE status is: Warning: SubOperationsCompleteOneOrMoreFailures
WARN  [13-11-2024 07:40:58:321]: DIMSE status is: Warning: SubOperationsCompleteOneOrMoreFailures
WARN  [13-11-2024 07:40:58:929]: DIMSE status is: Warning: SubOperationsCompleteOneOrMoreFailures
WARN  [13-11-2024 12:25:39:265]: DIMSE status is: Warning: SubOperationsCompleteOneOrMoreFailures
WARN  [14-11-2024 07:06:21:112]: DIMSE status is: Warning: SubOperationsCompleteOneOrMoreFailures
WARN  [14-11-2024 07:07:59:309]: DIMSE status is: Warning: SubOperationsCompleteOneOrMoreFailures
WARN  [14-11-2024 07:09:46:694]: DIMSE status is: Warning: SubOperationsCompleteOneOrMoreFailures
WARN  [14-11-2024 10:31:38:562]: DIMSE status is: Warning: SubOperationsCompleteOneOrMoreFailures
WARN  [14-11-2024 11:29:45:950]: DIMSE status is: Warning: SubOperationsCompleteOneOrMoreFailures
WARN  [14-11-2024 11:42:53:569]: DIMSE status is: Warning: SubOperationsCompleteOneOrMoreFailures
WARN  [14-11-2024 12:09:23:711]: DIMSE status is: Warning: SubOperationsCompleteOneOrMoreFailures
WARN  [14-11-2024 12:12:58:735]: DIMSE status is: Warning: SubOperationsCompleteOneOrMoreFailures
WARN  [14-11-2024 12:41:04:689]: DIMSE status is: Warning: SubOperationsCompleteOneOrMoreFailures
WARN  [14-11-2024 12:42:52:237]: DIMSE status is: Warning: SubOperationsCompleteOneOrMoreFailures
WARN  [14-11-2024 12:42:58:474]: DIMSE status is: Warning: SubOperationsCompleteOneOrMoreFailures
WARN  [14-11-2024 12:58:10:791]: DIMSE status is: Warning: SubOperationsCompleteOneOrMoreFailures
WARN  [14-11-2024 12:58:29:516]: DIMSE status is: Warning: SubOperationsCompleteOneOrMoreFailures
WARN  [14-11-2024 13:58:01:567]: DIMSE status is: Warning: SubOperationsCompleteOneOrMoreFailures
WARN  [14-11-2024 14:44:36:210]: DIMSE status is: Warning: SubOperationsCompleteOneOrMoreFailures
WARN  [14-11-2024 17:40:10:810]: DIMSE status is: Warning: SubOperationsCompleteOneOrMoreFailures
WARN  [17-11-2024 10:11:13:169]: DIMSE status is: Warning: SubOperationsCompleteOneOrMoreFailures
WARN  [17-11-2024 12:21:50:954]: DIMSE status is: Warning: SubOperationsCompleteOneOrMoreFailures
WARN  [17-11-2024 20:19:48:861]: DIMSE status is: Warning: SubOperationsCompleteOneOrMoreFailures
WARN  [17-11-2024 20:19:50:361]: DIMSE status is: Warning: SubOperationsCompleteOneOrMoreFailures
WARN  [17-11-2024 20:19:53:408]: DIMSE status is: Warning: SubOperationsCompleteOneOrMoreFailures
WARN  [17-11-2024 20:19:54:892]: DIMSE status is: Warning: SubOperationsCompleteOneOrMoreFailures
WARN  [17-11-2024 20:19:56:705]: DIMSE status is: Warning: SubOperationsCompleteOneOrMoreFailures
WARN  [17-11-2024 20:19:58:392]: DIMSE status is: Warning: SubOperationsCompleteOneOrMoreFailures
WARN  [17-11-2024 20:19:59:751]: DIMSE status is: Warning: SubOperationsCompleteOneOrMoreFailures
WARN  [17-11-2024 20:21:05:560]: DIMSE status is: Warning: SubOperationsCompleteOneOrMoreFailures
WARN  [17-11-2024 20:21:06:982]: DIMSE status is: Warning: SubOperationsCompleteOneOrMoreFailures
WARN  [27-11-2024 17:28:28:710]: DIMSE status is: Warning: SubOperationsCompleteOneOrMoreFailures
WARN  [27-11-2024 18:03:18:929]: DIMSE status is: Warning: SubOperationsCompleteOneOrMoreFailures
WARN  [27-11-2024 20:15:15:696]: DIMSE status is: Warning: SubOperationsCompleteOneOrMoreFailures
WARN  [27-11-2024 20:50:20:518]: DIMSE status is: Warning: SubOperationsCompleteOneOrMoreFailures
WARN  [28-11-2024 05:43:07:203]: DIMSE status is: Warning: SubOperationsCompleteOneOrMoreFailures
WARN  [28-11-2024 21:47:40:444]: DIMSE status is: Warning: SubOperationsCompleteOneOrMoreFailures
WARN  [29-11-2024 01:43:23:289]: DIMSE status is: Warning: SubOperationsCompleteOneOrMoreFailures
WARN  [29-11-2024 03:04:45:799]: DIMSE status is: Warning: SubOperationsCompleteOneOrMoreFailures
WARN  [29-11-2024 07:21:23:772]: DIMSE status is: Warning: SubOperationsCompleteOneOrMoreFailures
WARN  [29-11-2024 07:49:05:981]: DIMSE status is: Warning: SubOperationsCompleteOneOrMoreFailures
WARN  [29-11-2024 13:31:33:753]: DIMSE status is: Warning: SubOperationsCompleteOneOrMoreFailures
WARN  [29-11-2024 14:07:31:522]: DIMSE status is: Warning: SubOperationsCompleteOneOrMoreFailures
WARN  [29-11-2024 14:07:37:931]: DIMSE status is: Warning: SubOperationsCompleteOneOrMoreFailures
WARN  [29-11-2024 14:07:44:325]: DIMSE status is: Warning: SubOperationsCompleteOneOrMoreFailures
WARN  [29-11-2024 17:14:01:294]: DIMSE status is: Warning: SubOperationsCompleteOneOrMoreFailures
WARN  [29-11-2024 17:32:55:071]: DIMSE status is: Warning: SubOperationsCompleteOneOrMoreFailures
WARN  [30-11-2024 01:25:23:127]: DIMSE status is: Warning: SubOperationsCompleteOneOrMoreFailures
WARN  [30-11-2024 05:32:35:605]: DIMSE status is: Warning: SubOperationsCompleteOneOrMoreFailures
WARN  [30-11-2024 15:00:06:249]: DIMSE status is: Warning: SubOperationsCompleteOneOrMoreFailures
WARN  [01-12-2024 12:31:51:289]: DIMSE status is: Warning: SubOperationsCompleteOneOrMoreFailures
WARN  [01-12-2024 20:31:22:756]: DIMSE status is: Warning: SubOperationsCompleteOneOrMoreFailures
WARN  [07-12-2024 10:18:30:962]: DIMSE status is: Warning: SubOperationsCompleteOneOrMoreFailures
WARN  [08-12-2024 04:56:57:211]: DIMSE status is: Warning: SubOperationsCompleteOneOrMoreFailures
WARN  [08-12-2024 05:32:00:375]: DIMSE status is: Warning: SubOperationsCompleteOneOrMoreFailures
WARN  [08-12-2024 07:37:33:610]: DIMSE status is: Warning: SubOperationsCompleteOneOrMoreFailures
WARN  [08-12-2024 08:12:19:195]: DIMSE status is: Warning: SubOperationsCompleteOneOrMoreFailures
WARN  [08-12-2024 10:09:45:607]: DIMSE status is: Warning: SubOperationsCompleteOneOrMoreFailures
WARN  [09-12-2024 08:34:05:897]: DIMSE status is: Warning: SubOperationsCompleteOneOrMoreFailures
